Component: Arm Compiler for Embedded 6.18 Tool: armlink [5e4cc100]

==============================================================================

Section Cross References

    main.o(.text.main) refers to system_stm32f10x.o(.data.SystemCoreClock) for SystemCoreClock
    main.o(.text.main) refers to main.o(.text.SysTick_Config) for SysTick_Config
    main.o(.text.main) refers to main.o(.text.delayMs) for delayMs
    main.o(.text.main) refers to main.o(.rodata.str1.1) for .L.str
    main.o(.text.main) refers to printtt.o(.text.printMsg) for printMsg
    main.o(.ARM.exidx.text.main) refers to main.o(.text.main) for [Anonymous Symbol]
    main.o(.text.SysTick_Config) refers to main.o(.text.__NVIC_SetPriority) for __NVIC_SetPriority
    main.o(.ARM.exidx.text.SysTick_Config) refers to main.o(.text.SysTick_Config) for [Anonymous Symbol]
    main.o(.text.delayMs) refers to main.o(.bss.msTicks) for msTicks
    main.o(.ARM.exidx.text.delayMs) refers to main.o(.text.delayMs) for [Anonymous Symbol]
    main.o(.text.ADC1_2_IRQHandler) refers to main.o(.bss.val) for val
    main.o(.ARM.exidx.text.ADC1_2_IRQHandler) refers to main.o(.text.ADC1_2_IRQHandler) for [Anonymous Symbol]
    main.o(.text.Systick_Handler) refers to main.o(.bss.msTicks) for msTicks
    main.o(.ARM.exidx.text.Systick_Handler) refers to main.o(.text.Systick_Handler) for [Anonymous Symbol]
    main.o(.text.map) refers to faddsub_clz.o(x$fpl$fsub) for __aeabi_fsub
    main.o(.text.map) refers to fdiv.o(x$fpl$fdiv) for __aeabi_fdiv
    main.o(.text.map) refers to fmul.o(x$fpl$fmul) for __aeabi_fmul
    main.o(.text.map) refers to faddsub_clz.o(x$fpl$fadd) for __aeabi_fadd
    main.o(.ARM.exidx.text.map) refers to main.o(.text.map) for [Anonymous Symbol]
    main.o(.ARM.exidx.text.__NVIC_SetPriority) refers to main.o(.text.__NVIC_SetPriority) for [Anonymous Symbol]
    printtt.o(.text.printMsg) refers to vsprintf.o(.text) for vsprintf
    printtt.o(.text.printMsg) refers to strlen.o(.text) for strlen
    printtt.o(.ARM.exidx.text.printMsg) refers to printtt.o(.text.printMsg) for [Anonymous Symbol]
    dma_stm32f10x.o(.text.DMA_ChannelInitialize) refers to dma_stm32f10x.o(.text.__NVIC_ClearPendingIRQ) for __NVIC_ClearPendingIRQ
    dma_stm32f10x.o(.text.DMA_ChannelInitialize) refers to dma_stm32f10x.o(.text.__NVIC_EnableIRQ) for __NVIC_EnableIRQ
    dma_stm32f10x.o(.text.DMA_ChannelInitialize) refers to dma_stm32f10x.o(.bss.DMA1_Channel) for DMA1_Channel
    dma_stm32f10x.o(.ARM.exidx.text.DMA_ChannelInitialize) refers to dma_stm32f10x.o(.text.DMA_ChannelInitialize) for [Anonymous Symbol]
    dma_stm32f10x.o(.ARM.exidx.text.__NVIC_ClearPendingIRQ) refers to dma_stm32f10x.o(.text.__NVIC_ClearPendingIRQ) for [Anonymous Symbol]
    dma_stm32f10x.o(.ARM.exidx.text.__NVIC_EnableIRQ) refers to dma_stm32f10x.o(.text.__NVIC_EnableIRQ) for [Anonymous Symbol]
    dma_stm32f10x.o(.text.DMA_ChannelUninitialize) refers to dma_stm32f10x.o(.bss.DMA1_Channel) for DMA1_Channel
    dma_stm32f10x.o(.text.DMA_ChannelUninitialize) refers to dma_stm32f10x.o(.text.__NVIC_DisableIRQ) for __NVIC_DisableIRQ
    dma_stm32f10x.o(.ARM.exidx.text.DMA_ChannelUninitialize) refers to dma_stm32f10x.o(.text.DMA_ChannelUninitialize) for [Anonymous Symbol]
    dma_stm32f10x.o(.ARM.exidx.text.__NVIC_DisableIRQ) refers to dma_stm32f10x.o(.text.__NVIC_DisableIRQ) for [Anonymous Symbol]
    dma_stm32f10x.o(.ARM.exidx.text.DMA1_Channel1_Event) refers to dma_stm32f10x.o(.text.DMA1_Channel1_Event) for [Anonymous Symbol]
    dma_stm32f10x.o(.ARM.exidx.text.DMA1_Channel2_Event) refers to dma_stm32f10x.o(.text.DMA1_Channel2_Event) for [Anonymous Symbol]
    dma_stm32f10x.o(.ARM.exidx.text.DMA1_Channel3_Event) refers to dma_stm32f10x.o(.text.DMA1_Channel3_Event) for [Anonymous Symbol]
    dma_stm32f10x.o(.ARM.exidx.text.DMA1_Channel4_Event) refers to dma_stm32f10x.o(.text.DMA1_Channel4_Event) for [Anonymous Symbol]
    dma_stm32f10x.o(.ARM.exidx.text.DMA1_Channel5_Event) refers to dma_stm32f10x.o(.text.DMA1_Channel5_Event) for [Anonymous Symbol]
    dma_stm32f10x.o(.ARM.exidx.text.DMA1_Channel6_Event) refers to dma_stm32f10x.o(.text.DMA1_Channel6_Event) for [Anonymous Symbol]
    dma_stm32f10x.o(.ARM.exidx.text.DMA1_Channel7_Event) refers to dma_stm32f10x.o(.text.DMA1_Channel7_Event) for [Anonymous Symbol]
    dma_stm32f10x.o(.text.DMA1_Channel1_IRQHandler) refers to dma_stm32f10x.o(.text.DMA1_Channel1_Event) for DMA1_Channel1_Event
    dma_stm32f10x.o(.ARM.exidx.text.DMA1_Channel1_IRQHandler) refers to dma_stm32f10x.o(.text.DMA1_Channel1_IRQHandler) for [Anonymous Symbol]
    dma_stm32f10x.o(.text.DMA1_Channel2_IRQHandler) refers to dma_stm32f10x.o(.text.DMA1_Channel2_Event) for DMA1_Channel2_Event
    dma_stm32f10x.o(.ARM.exidx.text.DMA1_Channel2_IRQHandler) refers to dma_stm32f10x.o(.text.DMA1_Channel2_IRQHandler) for [Anonymous Symbol]
    dma_stm32f10x.o(.text.DMA1_Channel3_IRQHandler) refers to dma_stm32f10x.o(.text.DMA1_Channel3_Event) for DMA1_Channel3_Event
[...]
    defsig_other.o(.text) refers to defsig_general.o(.text) for __default_signal_display


==============================================================================

Removing Unused input sections from the image.

    Removing main.o(.text), (0 bytes).
    Removing main.o(.ARM.exidx.text.main), (8 bytes).
    Removing main.o(.ARM.exidx.text.SysTick_Config), (8 bytes).
    Removing main.o(.ARM.exidx.text.delayMs), (8 bytes).
    Removing main.o(.ARM.exidx.text.ADC1_2_IRQHandler), (8 bytes).
    Removing main.o(.text.Systick_Handler), (16 bytes).
    Removing main.o(.ARM.exidx.text.Systick_Handler), (8 bytes).
    Removing main.o(.text.map), (82 bytes).
    Removing main.o(.ARM.exidx.text.map), (8 bytes).
    Removing main.o(.ARM.exidx.text.__NVIC_SetPriority), (8 bytes).
    Removing main.o(.bss.val2), (4 bytes).
    Removing main.o(.ARM.use_no_argv), (4 bytes).
    Removing printtt.o(.text), (0 bytes).
    Removing printtt.o(.ARM.exidx.text.printMsg), (8 bytes).
    Removing dma_stm32f10x.o(.text), (0 bytes).
    Removing dma_stm32f10x.o(.text.DMA_ChannelInitialize), (352 bytes).
    Removing dma_stm32f10x.o(.ARM.exidx.text.DMA_ChannelInitialize), (8 bytes).
    Removing dma_stm32f10x.o(.text.__NVIC_ClearPendingIRQ), (48 bytes).
    Removing dma_stm32f10x.o(.ARM.exidx.text.__NVIC_ClearPendingIRQ), (8 bytes).
    Removing dma_stm32f10x.o(.text.__NVIC_EnableIRQ), (48 bytes).
    Removing dma_stm32f10x.o(.ARM.exidx.text.__NVIC_EnableIRQ), (8 bytes).
    Removing dma_stm32f10x.o(.text.DMA_ChannelUninitialize), (236 bytes).
    Removing dma_stm32f10x.o(.ARM.exidx.text.DMA_ChannelUninitialize), (8 bytes).
    Removing dma_stm32f10x.o(.text.__NVIC_DisableIRQ), (56 bytes).
    Removing dma_stm32f10x.o(.ARM.exidx.text.__NVIC_DisableIRQ), (8 bytes).
    Removing dma_stm32f10x.o(.ARM.exidx.text.DMA1_Channel1_Event), (8 bytes).
    Removing dma_stm32f10x.o(.ARM.exidx.text.DMA1_Channel2_Event), (8 bytes).
    Removing dma_stm32f10x.o(.ARM.exidx.text.DMA1_Channel3_Event), (8 bytes).
    Removing dma_stm32f10x.o(.ARM.exidx.text.DMA1_Channel4_Event), (8 bytes).
    Removing dma_stm32f10x.o(.ARM.exidx.text.DMA1_Channel5_Event), (8 bytes).
    Removing dma_stm32f10x.o(.ARM.exidx.text.DMA1_Channel6_Event), (8 bytes).
    Removing dma_stm32f10x.o(.ARM.exidx.text.DMA1_Channel7_Event), (8 bytes).
    Removing dma_stm32f10x.o(.ARM.exidx.text.DMA1_Channel1_IRQHandler), (8 bytes).
    Removing dma_stm32f10x.o(.ARM.exidx.text.DMA1_Channel2_IRQHandler), (8 bytes).
    Removing dma_stm32f10x.o(.ARM.exidx.text.DMA1_Channel3_IRQHandler), (8 bytes).
    Removing dma_stm32f10x.o(.ARM.exidx.text.DMA1_Channel4_IRQHandler), (8 bytes).
    Removing dma_stm32f10x.o(.ARM.exidx.text.DMA1_Channel5_IRQHandler), (8 bytes).
    Removing dma_stm32f10x.o(.ARM.exidx.text.DMA1_Channel6_IRQHandler), (8 bytes).
    Removing dma_stm32f10x.o(.ARM.exidx.text.DMA1_Channel7_IRQHandler), (8 bytes).
    Removing dma_stm32f10x.o(.bss.DMA1_Channel), (1 bytes).
    Removing system_stm32f10x.o(.text), (0 bytes).
    Removing system_stm32f10x.o(.ARM.exidx.text.SystemInit), (8 bytes).
    Removing system_stm32f10x.o(.ARM.exidx.text.SetSysClock), (8 bytes).
    Removing system_stm32f10x.o(.text.SystemCoreClockUpdate), (290 bytes).
    Removing system_stm32f10x.o(.ARM.exidx.text.SystemCoreClockUpdate), (8 bytes).
    Removing system_stm32f10x.o(.ARM.exidx.text.SetSysClockTo72), (8 bytes).
    Removing system_stm32f10x.o(.rodata.AHBPrescTable), (16 bytes).

47 unused section(s) (total 1401 bytes) removed from the image.

==============================================================================

Image Symbol Table

    Local Symbols

    Symbol Name                              Value     Ov Type        Size  Object(Section)

    ../clib/angel/boardlib.s                 0x00000000   Number         0  boardinit1.o ABSOLUTE
    ../clib/angel/boardlib.s                 0x00000000   Number         0  boardinit2.o ABSOLUTE
    ../clib/angel/boardlib.s                 0x00000000   Number         0  boardinit3.o ABSOLUTE
    ../clib/angel/boardlib.s                 0x00000000   Number         0  boardshut.o ABSOLUTE
    ../clib/angel/handlers.s                 0x00000000   Number         0  __scatter_copy.o ABSOLUTE
    ../clib/angel/handlers.s                 0x00000000   Number         0  __scatter_zi.o ABSOLUTE
    ../clib/angel/kernel.s                   0x00000000   Number         0  __rtentry.o ABSOLUTE
    ../clib/angel/kernel.s                   0x00000000   Number         0  __rtentry2.o ABSOLUTE
    ../clib/angel/kernel.s                   0x00000000   Number         0  __rtentry4.o ABSOLUTE
    ../clib/angel/kernel.s                   0x00000000   Number         0  rtexit.o ABSOLUTE
    ../clib/angel/kernel.s                   0x00000000   Number         0  rtexit2.o ABSOLUTE
    ../clib/angel/rt.s                       0x00000000   Number         0  rt_ctype_table.o ABSOLUTE
    ../clib/angel/rt.s                       0x00000000   Number         0  rt_locale.o ABSOLUTE
    ../clib/angel/rt.s                       0x00000000   Number         0  rt_locale_intlibspace.o ABSOLUTE
    ../clib/angel/rt.s                       0x00000000   Number         0  rt_raise.o ABSOLUTE
    ../clib/angel/scatter.s                  0x00000000   Number         0  __scatter.o ABSOLUTE
    ../clib/angel/startup.s                  0x00000000   Number         0  __main.o ABSOLUTE
    ../clib/angel/sys.s                      0x00000000   Number         0  sys_stackheap_outer.o ABSOLUTE
    ../clib/angel/sys.s                      0x00000000   Number         0  libspace.o ABSOLUTE
    ../clib/angel/sys.s                      0x00000000   Number         0  use_no_semi.o ABSOLUTE
    ../clib/angel/sys.s                      0x00000000   Number         0  indicate_semi.o ABSOLUTE
    ../clib/angel/sysapp.c                   0x00000000   Number         0  sys_exit.o ABSOLUTE
    ../clib/angel/sysapp.c                   0x00000000   Number         0  sys_exit_hlt.o ABSOLUTE
    ../clib/angel/sysapp.c                   0x00000000   Number         0  sys_command.o ABSOLUTE
    ../clib/angel/sysapp.c                   0x00000000   Number         0  sys_command_hlt.o ABSOLUTE
    ../clib/angel/sysapp.c                   0x00000000   Number         0  sys_wrch.o ABSOLUTE
    ../clib/angel/sysapp.c                   0x00000000   Number         0  sys_wrch_hlt.o ABSOLUTE
    ../clib/armsys.c                         0x00000000   Number         0  argv_veneer.o ABSOLUTE
    ../clib/armsys.c                         0x00000000   Number         0  argv_veneer.o ABSOLUTE
    ../clib/armsys.c                         0x00000000   Number         0  _get_argv_nomalloc.o ABSOLUTE
    ../clib/armsys.c                         0x00000000   Number         0  no_argv.o ABSOLUTE
    ../clib/bigflt.c                         0x00000000   Number         0  bigflt0.o ABSOLUTE
    ../clib/btod.s                           0x00000000   Number         0  btod.o ABSOLUTE
    ../clib/btod_accurate.c                  0x00000000   Number         0  btod_accurate.o ABSOLUTE
    ../clib/btod_accurate.c                  0x00000000   Number         0  btod_accurate_common.o ABSOLUTE
    ../clib/heapalloc.c                      0x00000000   Number         0  hrguard.o ABSOLUTE
    ../clib/heapaux.c                        0x00000000   Number         0  heapauxi.o ABSOLUTE
    ../clib/libinit.s                        0x00000000   Number         0  libinit.o ABSOLUTE
    ../clib/libinit.s                        0x00000000   Number         0  libinit2.o ABSOLUTE
    ../clib/libinit.s                        0x00000000   Number         0  libshutdown.o ABSOLUTE
    ../clib/libinit.s                        0x00000000   Number         0  libshutdown2.o ABSOLUTE
    ../clib/locale.c                         0x00000000   Number         0  _c16rtomb.o ABSOLUTE
    ../clib/locale.s                         0x00000000   Number         0  lc_numeric_c.o ABSOLUTE
    ../clib/locale.s                         0x00000000   Number         0  lc_ctype_c.o ABSOLUTE
    ../clib/longlong.s                       0x00000000   Number         0  lludiv10.o ABSOLUTE
    ../clib/longlong.s                       0x00000000   Number         0  llushr.o ABSOLUTE
    ../clib/memcpset.s                       0x00000000   Number         0  strcmpv7m.o ABSOLUTE
    ../clib/misc.s                           0x00000000   Number         0  printf_stubs.o ABSOLUTE
    ../clib/printf.c                         0x00000000   Number         0  vsprintf.o ABSOLUTE
    ../clib/printf.c                         0x00000000   Number         0  __printf.o ABSOLUTE
    ../clib/printf.c                         0x00000000   Number         0  _printf_pad.o ABSOLUTE
    ../clib/printf.c                         0x00000000   Number         0  _printf_truncate.o ABSOLUTE
    ../clib/printf.c                         0x00000000   Number         0  _printf_str.o ABSOLUTE
    ../clib/printf.c                         0x00000000   Number         0  _printf_dec.o ABSOLUTE
    ../clib/printf.c                         0x00000000   Number         0  _printf_charcount.o ABSOLUTE
    ../clib/printf.c                         0x00000000   Number         0  _printf_char_common.o ABSOLUTE
    ../clib/printf.c                         0x00000000   Number         0  _sputc.o ABSOLUTE
    ../clib/printf.c                         0x00000000   Number         0  _printf_wctomb.o ABSOLUTE
    ../clib/printf.c                         0x00000000   Number         0  _printf_longlong_dec.o ABSOLUTE
    ../clib/printf.c                         0x00000000   Number         0  _printf_oct_ll.o ABSOLUTE
    ../clib/printf.c                         0x00000000   Number         0  _printf_oct_int.o ABSOLUTE
    ../clib/printf.c                         0x00000000   Number         0  _printf_oct_int_ll.o ABSOLUTE
    ../clib/printf.c                         0x00000000   Number         0  _printf_hex_ll.o ABSOLUTE
    ../clib/printf.c                         0x00000000   Number         0  _printf_hex_int.o ABSOLUTE
    ../clib/printf.c                         0x00000000   Number         0  _printf_hex_int_ll.o ABSOLUTE
    ../clib/printf.c                         0x00000000   Number         0  _printf_hex_ptr.o ABSOLUTE
    ../clib/printf.c                         0x00000000   Number         0  _printf_hex_int_ptr.o ABSOLUTE
    ../clib/printf.c                         0x00000000   Number         0  _printf_hex_ll_ptr.o ABSOLUTE
    ../clib/printf.c                         0x00000000   Number         0  _printf_hex_int_ll_ptr.o ABSOLUTE
    ../clib/printf.c                         0x00000000   Number         0  __printf_flags.o ABSOLUTE
    ../clib/printf.c                         0x00000000   Number         0  __printf_ss.o ABSOLUTE
    ../clib/printf.c                         0x00000000   Number         0  __printf_flags_ss.o ABSOLUTE
    ../clib/printf.c                         0x00000000   Number         0  __printf_wp.o ABSOLUTE
    ../clib/printf.c                         0x00000000   Number         0  __printf_flags_wp.o ABSOLUTE
    ../clib/printf.c                         0x00000000   Number         0  __printf_ss_wp.o ABSOLUTE
    ../clib/printf.c                         0x00000000   Number         0  __printf_flags_ss_wp.o ABSOLUTE
    ../clib/printf.c                         0x00000000   Number         0  _printf_intcommon.o ABSOLUTE
    ../clib/printf.c                         0x00000000   Number         0  _printf_fp_dec.o ABSOLUTE
    ../clib/printf.c                         0x00000000   Number         0  _printf_fp_dec_accurate.o ABSOLUTE
    ../clib/printf.c                         0x00000000   Number         0  _printf_fp_hex.o ABSOLUTE
    ../clib/printf.c                         0x00000000   Number         0  __printf_nopercent.o ABSOLUTE
    ../clib/printf.c                         0x00000000   Number         0  _printf_char.o ABSOLUTE
    ../clib/printf.c                         0x00000000   Number         0  _printf_wchar.o ABSOLUTE
    ../clib/printf.c                         0x00000000   Number         0  _printf_fp_infnan.o ABSOLUTE
    ../clib/printf_percent.s                 0x00000000   Number         0  _printf_c.o ABSOLUTE
    ../clib/printf_percent.s                 0x00000000   Number         0  _printf_s.o ABSOLUTE
    ../clib/printf_percent.s                 0x00000000   Number         0  _printf_n.o ABSOLUTE
    ../clib/printf_percent.s                 0x00000000   Number         0  _printf_x.o ABSOLUTE
    ../clib/printf_percent.s                 0x00000000   Number         0  _printf_p.o ABSOLUTE
    ../clib/printf_percent.s                 0x00000000   Number         0  _printf_o.o ABSOLUTE
    ../clib/printf_percent.s                 0x00000000   Number         0  _printf_i.o ABSOLUTE
    ../clib/printf_percent.s                 0x00000000   Number         0  _printf_d.o ABSOLUTE
    ../clib/printf_percent.s                 0x00000000   Number         0  _printf_u.o ABSOLUTE
    ../clib/printf_percent.s                 0x00000000   Number         0  _printf_f.o ABSOLUTE
    ../clib/printf_percent.s                 0x00000000   Number         0  _printf_e.o ABSOLUTE
    ../clib/printf_percent.s                 0x00000000   Number         0  _printf_g.o ABSOLUTE
    ../clib/printf_percent.s                 0x00000000   Number         0  _printf_a.o ABSOLUTE
    ../clib/printf_percent.s                 0x00000000   Number         0  _printf_percent.o ABSOLUTE
    ../clib/printf_percent.s                 0x00000000   Number         0  _printf_lli.o ABSOLUTE
    ../clib/printf_percent.s                 0x00000000   Number         0  _printf_lld.o ABSOLUTE
    ../clib/printf_percent.s                 0x00000000   Number         0  _printf_llu.o ABSOLUTE
    ../clib/printf_percent.s                 0x00000000   Number         0  _printf_ll.o ABSOLUTE
    ../clib/printf_percent.s                 0x00000000   Number         0  _printf_l.o ABSOLUTE
    ../clib/printf_percent.s                 0x00000000   Number         0  _printf_lc.o ABSOLUTE
    ../clib/printf_percent.s                 0x00000000   Number         0  _printf_ls.o ABSOLUTE
    ../clib/printf_percent.s                 0x00000000   Number         0  _printf_llo.o ABSOLUTE
    ../clib/printf_percent.s                 0x00000000   Number         0  _printf_llx.o ABSOLUTE
    ../clib/printf_percent.s                 0x00000000   Number         0  _printf_percent_end.o ABSOLUTE
    ../clib/signal.c                         0x00000000   Number         0  defsig_rtmem_outer.o ABSOLUTE
    ../clib/signal.c                         0x00000000   Number         0  defsig_rtmem_formal.o ABSOLUTE
    ../clib/signal.c                         0x00000000   Number         0  defsig_exit.o ABSOLUTE
    ../clib/signal.c                         0x00000000   Number         0  defsig_rtmem_inner.o ABSOLUTE
    ../clib/signal.c                         0x00000000   Number         0  __raise.o ABSOLUTE
    ../clib/signal.c                         0x00000000   Number         0  defsig_general.o ABSOLUTE
    ../clib/signal.c                         0x00000000   Number         0  defsig_abrt_inner.o ABSOLUTE
    ../clib/signal.c                         0x00000000   Number         0  defsig_fpe_inner.o ABSOLUTE
    ../clib/signal.c                         0x00000000   Number         0  defsig_rtred_inner.o ABSOLUTE
    ../clib/signal.c                         0x00000000   Number         0  defsig_stak_inner.o ABSOLUTE
    ../clib/signal.c                         0x00000000   Number         0  defsig_pvfn_inner.o ABSOLUTE
    ../clib/signal.c                         0x00000000   Number         0  defsig_cppl_inner.o ABSOLUTE
    ../clib/signal.c                         0x00000000   Number         0  defsig_segv_inner.o ABSOLUTE
    ../clib/signal.c                         0x00000000   Number         0  defsig_other.o ABSOLUTE
    ../clib/signal.s                         0x00000000   Number         0  defsig.o ABSOLUTE
    ../clib/stdlib.c                         0x00000000   Number         0  exit.o ABSOLUTE
    ../clib/string.c                         0x00000000   Number         0  strlen.o ABSOLUTE
    ../fplib/faddsub.s                       0x00000000   Number         0  faddsub_clz.o ABSOLUTE
    ../fplib/fdiv.s                          0x00000000   Number         0  fdiv.o ABSOLUTE
    ../fplib/fmul.s                          0x00000000   Number         0  fmul.o ABSOLUTE
    ../fplib/fnaninf.s                       0x00000000   Number         0  fnaninf.o ABSOLUTE
    ../fplib/fpinit.s                        0x00000000   Number         0  fpinit.o ABSOLUTE
    ../fplib/fpinit_empty.s                  0x00000000   Number         0  fpinit_empty.o ABSOLUTE
    ../fplib/fretinf.s                       0x00000000   Number         0  fretinf.o ABSOLUTE
    ../fplib/istatus.s                       0x00000000   Number         0  istatus.o ABSOLUTE
    ../fplib/printf1.s                       0x00000000   Number         0  printf1.o ABSOLUTE
    ../fplib/printf2.s                       0x00000000   Number         0  printf2.o ABSOLUTE
    ../fplib/printf2a.s                      0x00000000   Number         0  printf2a.o ABSOLUTE
    ../fplib/printf2b.s                      0x00000000   Number         0  printf2b.o ABSOLUTE
    ../fplib/usenofp.s                       0x00000000   Number         0  usenofp.o ABSOLUTE
    ../mathlib/fpclassify.c                  0x00000000   Number         0  fpclassify.o ABSOLUTE
    DMA_STM32F10x.c                          0x00000000   Number         0  dma_stm32f10x.o ABSOLUTE
    RTE/Device/STM32F103C6/startup_stm32f10x_ld.s 0x00000000   Number         0  startup_stm32f10x_ld.o ABSOLUTE
    dc.s                                     0x00000000   Number         0  dc.o ABSOLUTE
    main.c                                   0x00000000   Number         0  main.o ABSOLUTE
    printtt.c                                0x00000000   Number         0  printtt.o ABSOLUTE
    system_stm32f10x.c                       0x00000000   Number         0  system_stm32f10x.o ABSOLUTE
    RESET                                    0x08000000   Section      236  startup_stm32f10x_ld.o(RESET)
    !!!main                                  0x080000ec   Section        8  __main.o(!!!main)
    !!!scatter                               0x080000f4   Section       52  __scatter.o(!!!scatter)
    !!handler_copy                           0x08000128   Section       26  __scatter_copy.o(!!handler_copy)
    !!handler_zi                             0x08000144   Section       28  __scatter_zi.o(!!handler_zi)
    .ARM.Collect$$_printf_percent$$00000000  0x08000160   Section        0  _printf_percent.o(.ARM.Collect$$_printf_percent$$00000000)
    .ARM.Collect$$_printf_percent$$00000001  0x08000160   Section        6  _printf_n.o(.ARM.Collect$$_printf_percent$$00000001)
    .ARM.Collect$$_printf_percent$$00000002  0x08000166   Section        6  _printf_p.o(.ARM.Collect$$_printf_percent$$00000002)
    .ARM.Collect$$_printf_percent$$00000003  0x0800016c   Section        6  _printf_f.o(.ARM.Collect$$_printf_percent$$00000003)
    .ARM.Collect$$_printf_percent$$00000004  0x08000172   Section        6  _printf_e.o(.ARM.Collect$$_printf_percent$$00000004)
    .ARM.Collect$$_printf_percent$$00000005  0x08000178   Section        6  _printf_g.o(.ARM.Collect$$_printf_percent$$00000005)
    .ARM.Collect$$_printf_percent$$00000006  0x0800017e   Section        6  _printf_a.o(.ARM.Collect$$_printf_percent$$00000006)
    .ARM.Collect$$_printf_percent$$00000007  0x08000184   Section       10  _printf_ll.o(.ARM.Collect$$_printf_percent$$00000007)
    .ARM.Collect$$_printf_percent$$00000008  0x0800018e   Section        6  _printf_i.o(.ARM.Collect$$_printf_percent$$00000008)
    .ARM.Collect$$_printf_percent$$00000009  0x08000194   Section        6  _printf_d.o(.ARM.Collect$$_printf_percent$$00000009)
    .ARM.Collect$$_printf_percent$$0000000A  0x0800019a   Section        6  _printf_u.o(.ARM.Collect$$_printf_percent$$0000000A)
    .ARM.Collect$$_printf_percent$$0000000B  0x080001a0   Section        6  _printf_o.o(.ARM.Collect$$_printf_percent$$0000000B)
    .ARM.Collect$$_printf_percent$$0000000C  0x080001a6   Section        6  _printf_x.o(.ARM.Collect$$_printf_percent$$0000000C)
    .ARM.Collect$$_printf_percent$$0000000D  0x080001ac   Section        6  _printf_lli.o(.ARM.Collect$$_printf_percent$$0000000D)
    .ARM.Collect$$_printf_percent$$0000000E  0x080001b2   Section        6  _printf_lld.o(.ARM.Collect$$_printf_percent$$0000000E)
    .ARM.Collect$$_printf_percent$$0000000F  0x080001b8   Section        6  _printf_llu.o(.ARM.Collect$$_printf_percent$$0000000F)
    .ARM.Collect$$_printf_percent$$00000010  0x080001be   Section        6  _printf_llo.o(.ARM.Collect$$_printf_percent$$00000010)
    .ARM.Collect$$_printf_percent$$00000011  0x080001c4   Section        6  _printf_llx.o(.ARM.Collect$$_printf_percent$$00000011)
    .ARM.Collect$$_printf_percent$$00000012  0x080001ca   Section       10  _printf_l.o(.ARM.Collect$$_printf_percent$$00000012)
    .ARM.Collect$$_printf_percent$$00000013  0x080001d4   Section        6  _printf_c.o(.ARM.Collect$$_printf_percent$$00000013)
    .ARM.Collect$$_printf_percent$$00000014  0x080001da   Section        6  _printf_s.o(.ARM.Collect$$_printf_percent$$00000014)
    .ARM.Collect$$_printf_percent$$00000015  0x080001e0   Section        6  _printf_lc.o(.ARM.Collect$$_printf_percent$$00000015)
    .ARM.Collect$$_printf_percent$$00000016  0x080001e6   Section        6  _printf_ls.o(.ARM.Collect$$_printf_percent$$00000016)
    .ARM.Collect$$_printf_percent$$00000017  0x080001ec   Section        4  _printf_percent_end.o(.ARM.Collect$$_printf_percent$$00000017)
    .ARM.Collect$$libinit$$00000000          0x080001f0   Section        2  libinit.o(.ARM.Collect$$libinit$$00000000)
    .ARM.Collect$$libinit$$00000002          0x080001f2   Section        0  libinit2.o(.ARM.Collect$$libinit$$00000002)
    .ARM.Collect$$libinit$$00000004          0x080001f2   Section        0  libinit2.o(.ARM.Collect$$libinit$$00000004)
    .ARM.Collect$$libinit$$00000006          0x080001f2   Section        0  libinit2.o(.ARM.Collect$$libinit$$00000006)
    .ARM.Collect$$libinit$$0000000C          0x080001f2   Section        0  libinit2.o(.ARM.Collect$$libinit$$0000000C)
    .ARM.Collect$$libinit$$0000000E          0x080001f2   Section        0  libinit2.o(.ARM.Collect$$libinit$$0000000E)
    .ARM.Collect$$libinit$$00000010          0x080001f2   Section        0  libinit2.o(.ARM.Collect$$libinit$$00000010)
    .ARM.Collect$$libinit$$00000011          0x080001f2   Section        6  libinit2.o(.ARM.Collect$$libinit$$00000011)
    .ARM.Collect$$libinit$$00000013          0x080001f8   Section        0  libinit2.o(.ARM.Collect$$libinit$$00000013)
    .ARM.Collect$$libinit$$00000014          0x080001f8   Section       12  libinit2.o(.ARM.Collect$$libinit$$00000014)
    .ARM.Collect$$libinit$$00000015          0x08000204   Section        0  libinit2.o(.ARM.Collect$$libinit$$00000015)
    .ARM.Collect$$libinit$$00000017          0x08000204   Section        0  libinit2.o(.ARM.Collect$$libinit$$00000017)
    .ARM.Collect$$libinit$$00000018          0x08000204   Section       10  libinit2.o(.ARM.Collect$$libinit$$00000018)
    .ARM.Collect$$libinit$$00000019          0x0800020e   Section        0  libinit2.o(.ARM.Collect$$libinit$$00000019)
    .ARM.Collect$$libinit$$0000001B          0x0800020e   Section        0  libinit2.o(.ARM.Collect$$libinit$$0000001B)
    .ARM.Collect$$libinit$$0000001D          0x0800020e   Section        0  libinit2.o(.ARM.Collect$$libinit$$0000001D)
    .ARM.Collect$$libinit$$0000001F          0x0800020e   Section        0  libinit2.o(.ARM.Collect$$libinit$$0000001F)
    .ARM.Collect$$libinit$$00000021          0x0800020e   Section        0  libinit2.o(.ARM.Collect$$libinit$$00000021)
    .ARM.Collect$$libinit$$00000023          0x0800020e   Section        0  libinit2.o(.ARM.Collect$$libinit$$00000023)
    .ARM.Collect$$libinit$$00000025          0x0800020e   Section        0  libinit2.o(.ARM.Collect$$libinit$$00000025)
    .ARM.Collect$$libinit$$00000027          0x0800020e   Section        0  libinit2.o(.ARM.Collect$$libinit$$00000027)
    .ARM.Collect$$libinit$$0000002E          0x0800020e   Section        0  libinit2.o(.ARM.Collect$$libinit$$0000002E)
    .ARM.Collect$$libinit$$00000030          0x0800020e   Section        0  libinit2.o(.ARM.Collect$$libinit$$00000030)
    .ARM.Collect$$libinit$$00000032          0x0800020e   Section        0  libinit2.o(.ARM.Collect$$libinit$$00000032)
    .ARM.Collect$$libinit$$00000034          0x0800020e   Section        0  libinit2.o(.ARM.Collect$$libinit$$00000034)
    .ARM.Collect$$libinit$$00000035          0x0800020e   Section        2  libinit2.o(.ARM.Collect$$libinit$$00000035)
    .ARM.Collect$$libshutdown$$00000000      0x08000210   Section        2  libshutdown.o(.ARM.Collect$$libshutdown$$00000000)
    .ARM.Collect$$libshutdown$$00000002      0x08000212   Section        0  libshutdown2.o(.ARM.Collect$$libshutdown$$00000002)
    .ARM.Collect$$libshutdown$$00000004      0x08000212   Section        0  libshutdown2.o(.ARM.Collect$$libshutdown$$00000004)
    .ARM.Collect$$libshutdown$$00000007      0x08000212   Section        0  libshutdown2.o(.ARM.Collect$$libshutdown$$00000007)
    .ARM.Collect$$libshutdown$$0000000A      0x08000212   Section        0  libshutdown2.o(.ARM.Collect$$libshutdown$$0000000A)
    .ARM.Collect$$libshutdown$$0000000C      0x08000212   Section        0  libshutdown2.o(.ARM.Collect$$libshutdown$$0000000C)
    .ARM.Collect$$libshutdown$$0000000F      0x08000212   Section        0  libshutdown2.o(.ARM.Collect$$libshutdown$$0000000F)
    .ARM.Collect$$libshutdown$$00000010      0x08000212   Section        2  libshutdown2.o(.ARM.Collect$$libshutdown$$00000010)
    .ARM.Collect$$rtentry$$00000000          0x08000214   Section        0  __rtentry.o(.ARM.Collect$$rtentry$$00000000)
    .ARM.Collect$$rtentry$$00000002          0x08000214   Section        0  __rtentry2.o(.ARM.Collect$$rtentry$$00000002)
    .ARM.Collect$$rtentry$$00000004          0x08000214   Section        6  __rtentry4.o(.ARM.Collect$$rtentry$$00000004)
    .ARM.Collect$$rtentry$$00000009          0x0800021a   Section        0  __rtentry2.o(.ARM.Collect$$rtentry$$00000009)
    .ARM.Collect$$rtentry$$0000000A          0x0800021a   Section        4  __rtentry2.o(.ARM.Collect$$rtentry$$0000000A)
    .ARM.Collect$$rtentry$$0000000C          0x0800021e   Section        0  __rtentry2.o(.ARM.Collect$$rtentry$$0000000C)
    .ARM.Collect$$rtentry$$0000000D          0x0800021e   Section        8  __rtentry2.o(.ARM.Collect$$rtentry$$0000000D)
    .ARM.Collect$$rtexit$$00000000           0x08000226   Section        2  rtexit.o(.ARM.Collect$$rtexit$$00000000)
    .ARM.Collect$$rtexit$$00000002           0x08000228   Section        0  rtexit2.o(.ARM.Collect$$rtexit$$00000002)
    .ARM.Collect$$rtexit$$00000003           0x08000228   Section        4  rtexit2.o(.ARM.Collect$$rtexit$$00000003)
    .ARM.Collect$$rtexit$$00000004           0x0800022c   Section        6  rtexit2.o(.ARM.Collect$$rtexit$$00000004)
    .text                                    0x08000234   Section       64  startup_stm32f10x_ld.o(.text)
    .text                                    0x08000274   Section        0  vsprintf.o(.text)
    .text                                    0x08000298   Section        0  strlen.o(.text)
    .text                                    0x080002d6   Section        0  heapauxi.o(.text)
    .text                                    0x080002dc   Section        0  _printf_pad.o(.text)
    .text                                    0x0800032a   Section        0  _printf_truncate.o(.text)
    .text                                    0x0800034e   Section        0  _printf_str.o(.text)
    .text                                    0x080003a0   Section        0  _printf_dec.o(.text)
    .text                                    0x08000418   Section        0  _printf_charcount.o(.text)
    _printf_input_char                       0x08000441   Thumb Code    10  _printf_char_common.o(.text)
    .text                                    0x08000440   Section        0  _printf_char_common.o(.text)
    .text                                    0x08000470   Section        0  _sputc.o(.text)
    .text                                    0x0800047c   Section        0  _printf_wctomb.o(.text)
    .text                                    0x08000538   Section        0  _printf_longlong_dec.o(.text)
    _printf_longlong_oct_internal            0x080005b5   Thumb Code     0  _printf_oct_int_ll.o(.text)
    .text                                    0x080005b4   Section        0  _printf_oct_int_ll.o(.text)
    _printf_hex_common                       0x08000625   Thumb Code     0  _printf_hex_int_ll_ptr.o(.text)
    .text                                    0x08000624   Section        0  _printf_hex_int_ll_ptr.o(.text)
    .text                                    0x080006b8   Section        0  __printf_flags_ss_wp.o(.text)
    .text                                    0x08000840   Section      138  lludiv10.o(.text)
    .text                                    0x080008ca   Section        0  _printf_intcommon.o(.text)
    _fp_digits                               0x0800097d   Thumb Code   432  _printf_fp_dec.o(.text)
    .text                                    0x0800097c   Section        0  _printf_fp_dec.o(.text)
    .text                                    0x08000d98   Section        0  _printf_fp_hex.o(.text)
    .text                                    0x08001094   Section        0  _printf_char.o(.text)
    .text                                    0x080010c0   Section        0  _printf_wchar.o(.text)
    .text                                    0x080010ec   Section        0  _c16rtomb.o(.text)
    .text                                    0x08001134   Section       74  sys_stackheap_outer.o(.text)
    .text                                    0x08001180   Section       16  rt_ctype_table.o(.text)
    .text                                    0x08001190   Section        8  rt_locale_intlibspace.o(.text)
    .text                                    0x08001198   Section        0  _printf_fp_infnan.o(.text)
    .text                                    0x08001218   Section        0  bigflt0.o(.text)
    .text                                    0x080012fc   Section        0  exit.o(.text)
    .text                                    0x08001310   Section        8  libspace.o(.text)
    .text                                    0x08001318   Section      128  strcmpv7m.o(.text)
    .text                                    0x08001398   Section        0  sys_exit.o(.text)
    .text                                    0x080013a4   Section        2  use_no_semi.o(.text)
    .text                                    0x080013a6   Section        0  indicate_semi.o(.text)
    [Anonymous Symbol]                       0x080013a8   Section        0  main.o(.text.ADC1_2_IRQHandler)
    [Anonymous Symbol]                       0x080013d4   Section        0  dma_stm32f10x.o(.text.DMA1_Channel1_Event)
    [Anonymous Symbol]                       0x080013dc   Section        0  dma_stm32f10x.o(.text.DMA1_Channel1_IRQHandler)
    [Anonymous Symbol]                       0x08001404   Section        0  dma_stm32f10x.o(.text.DMA1_Channel2_Event)
    [Anonymous Symbol]                       0x0800140c   Section        0  dma_stm32f10x.o(.text.DMA1_Channel2_IRQHandler)
    [Anonymous Symbol]                       0x08001434   Section        0  dma_stm32f10x.o(.text.DMA1_Channel3_Event)
    [Anonymous Symbol]                       0x0800143c   Section        0  dma_stm32f10x.o(.text.DMA1_Channel3_IRQHandler)
    [Anonymous Symbol]                       0x08001464   Section        0  dma_stm32f10x.o(.text.DMA1_Channel4_Event)
    [Anonymous Symbol]                       0x0800146c   Section        0  dma_stm32f10x.o(.text.DMA1_Channel4_IRQHandler)
    [Anonymous Symbol]                       0x08001494   Section        0  dma_stm32f10x.o(.text.DMA1_Channel5_Event)
    [Anonymous Symbol]                       0x0800149c   Section        0  dma_stm32f10x.o(.text.DMA1_Channel5_IRQHandler)
    [Anonymous Symbol]                       0x080014c4   Section        0  dma_stm32f10x.o(.text.DMA1_Channel6_Event)
    [Anonymous Symbol]                       0x080014cc   Section        0  dma_stm32f10x.o(.text.DMA1_Channel6_IRQHandler)
    [Anonymous Symbol]                       0x080014f4   Section        0  dma_stm32f10x.o(.text.DMA1_Channel7_Event)
    [Anonymous Symbol]                       0x080014fc   Section        0  dma_stm32f10x.o(.text.DMA1_Channel7_IRQHandler)
    SetSysClock                              0x08001525   Thumb Code     8  system_stm32f10x.o(.text.SetSysClock)
    [Anonymous Symbol]                       0x08001524   Section        0  system_stm32f10x.o(.text.SetSysClock)
    SetSysClockTo72                          0x0800152d   Thumb Code   290  system_stm32f10x.o(.text.SetSysClockTo72)
    [Anonymous Symbol]                       0x0800152c   Section        0  system_stm32f10x.o(.text.SetSysClockTo72)
    SysTick_Config                           0x08001651   Thumb Code    82  main.o(.text.SysTick_Config)
    [Anonymous Symbol]                       0x08001650   Section        0  main.o(.text.SysTick_Config)
    [Anonymous Symbol]                       0x080016a4   Section        0  system_stm32f10x.o(.text.SystemInit)
    __NVIC_SetPriority                       0x0800170d   Thumb Code    66  main.o(.text.__NVIC_SetPriority)
    [Anonymous Symbol]                       0x0800170c   Section        0  main.o(.text.__NVIC_SetPriority)
    [Anonymous Symbol]                       0x08001750   Section        0  main.o(.text.delayMs)
    [Anonymous Symbol]                       0x0800177c   Section        0  main.o(.text.main)
    [Anonymous Symbol]                       0x080018e8   Section        0  printtt.o(.text.printMsg)
    CL$$btod_d2e                             0x08001958   Section       62  btod.o(CL$$btod_d2e)
    CL$$btod_d2e_denorm_low                  0x08001996   Section       70  btod.o(CL$$btod_d2e_denorm_low)
    CL$$btod_d2e_norm_op1                    0x080019dc   Section       96  btod.o(CL$$btod_d2e_norm_op1)
    CL$$btod_div_common                      0x08001a3c   Section      824  btod.o(CL$$btod_div_common)
    CL$$btod_e2e                             0x08001d74   Section      220  btod.o(CL$$btod_e2e)
    CL$$btod_ediv                            0x08001e50   Section       42  btod.o(CL$$btod_ediv)
    CL$$btod_emul                            0x08001e7a   Section       42  btod.o(CL$$btod_emul)
    CL$$btod_mult_common                     0x08001ea4   Section      580  btod.o(CL$$btod_mult_common)
    i.__ARM_fpclassify                       0x080020e8   Section        0  fpclassify.o(i.__ARM_fpclassify)
    i._is_digit                              0x08002110   Section        0  __printf_wp.o(i._is_digit)
    locale$$code                             0x08002120   Section       44  lc_numeric_c.o(locale$$code)
    locale$$code                             0x0800214c   Section       44  lc_ctype_c.o(locale$$code)
    x$fpl$printf1                            0x08002178   Section        4  printf1.o(x$fpl$printf1)
    x$fpl$printf2                            0x0800217c   Section        4  printf2.o(x$fpl$printf2)
    initial_mbstate                          0x08002180   Data           8  _printf_wctomb.o(.constdata)
    .constdata                               0x08002180   Section        8  _printf_wctomb.o(.constdata)
    x$fpl$usenofp                            0x08002180   Section        0  usenofp.o(x$fpl$usenofp)
    uc_hextab                                0x08002188   Data          20  _printf_hex_int_ll_ptr.o(.constdata)
    .constdata                               0x08002188   Section       40  _printf_hex_int_ll_ptr.o(.constdata)
    lc_hextab                                0x0800219c   Data          20  _printf_hex_int_ll_ptr.o(.constdata)
    maptable                                 0x080021b0   Data          17  __printf_flags_ss_wp.o(.constdata)
    .constdata                               0x080021b0   Section       17  __printf_flags_ss_wp.o(.constdata)
    lc_hextab                                0x080021c1   Data          19  _printf_fp_hex.o(.constdata)
    .constdata                               0x080021c1   Section       38  _printf_fp_hex.o(.constdata)
    uc_hextab                                0x080021d4   Data          19  _printf_fp_hex.o(.constdata)
    tenpwrs_x                                0x080021e8   Data          60  bigflt0.o(.constdata)
    .constdata                               0x080021e8   Section      148  bigflt0.o(.constdata)
    tenpwrs_i                                0x08002224   Data          64  bigflt0.o(.constdata)
    .L.str                                   0x0800227c   Data          47  main.o(.rodata.str1.1)
    [Anonymous Symbol]                       0x0800227c   Section        0  main.o(.rodata.str1.1)
    locale$$data                             0x080022cc   Section       28  lc_numeric_c.o(locale$$data)
    __lcnum_c_name                           0x080022d0   Data           2  lc_numeric_c.o(locale$$data)
    __lcnum_c_start                          0x080022d8   Data           0  lc_numeric_c.o(locale$$data)
    __lcnum_c_point                          0x080022e4   Data           0  lc_numeric_c.o(locale$$data)
    __lcnum_c_thousands                      0x080022e6   Data           0  lc_numeric_c.o(locale$$data)
    __lcnum_c_grouping                       0x080022e7   Data           0  lc_numeric_c.o(locale$$data)
    __lcnum_c_end                            0x080022e8   Data           0  lc_numeric_c.o(locale$$data)
    locale$$data                             0x080022e8   Section      272  lc_ctype_c.o(locale$$data)
    __lcctype_c_name                         0x080022ec   Data           2  lc_ctype_c.o(locale$$data)
    __lcctype_c_start                        0x080022f4   Data           0  lc_ctype_c.o(locale$$data)
    __lcctype_c_end                          0x080023f8   Data           0  lc_ctype_c.o(locale$$data)
    .bss                                     0x20000008   Section       96  libspace.o(.bss)
    Heap_Mem                                 0x20000070   Data         512  startup_stm32f10x_ld.o(HEAP)
    HEAP                                     0x20000070   Section      512  startup_stm32f10x_ld.o(HEAP)
    Stack_Mem                                0x20000270   Data        1024  startup_stm32f10x_ld.o(STACK)
    STACK                                    0x20000270   Section     1024  startup_stm32f10x_ld.o(STACK)
    __initial_sp                             0x20000670   Data           0  startup_stm32f10x_ld.o(STACK)

    Global Symbols

    Symbol Name                              Value     Ov Type        Size  Object(Section)

    BuildAttributes$$THM_ISAv4$P$D$K$B$S$PE$A:L22UL41UL21$X:L11$S22US41US21$IEEE1$IW$~IW$USESV6$~STKCKD$USESV7$~SHL$OTIME$ROPI$IEEEJ$EBA8$UX$STANDARDLIB$REQ8$PRES8$EABIv2 0x00000000   Number         0  anon$$obj.o ABSOLUTE
    __fp_init_empty                          0x00000000   Number         0  fpinit_empty.o ABSOLUTE
    _printf_flags                            0x00000000   Number         0  printf_stubs.o ABSOLUTE
    _printf_return_value                     0x00000000   Number         0  printf_stubs.o ABSOLUTE
    _printf_sizespec                         0x00000000   Number         0  printf_stubs.o ABSOLUTE
    _printf_widthprec                        0x00000000   Number         0  printf_stubs.o ABSOLUTE
    __ARM_exceptions_init                     - Undefined Weak Reference
    __alloca_initialize                       - Undefined Weak Reference
    __arm_preinit_                            - Undefined Weak Reference
    __arm_relocate_pie_                       - Undefined Weak Reference
    __cpp_initialize__aeabi_                  - Undefined Weak Reference
    __cxa_finalize                            - Undefined Weak Reference
    __sigvec_lookup                           - Undefined Weak Reference
    _atexit_init                              - Undefined Weak Reference
    _call_atexit_fns                          - Undefined Weak Reference
    _clock_init                               - Undefined Weak Reference
    _fp_trap_init                             - Undefined Weak Reference
    _fp_trap_shutdown                         - Undefined Weak Reference
    _get_lc_collate                           - Undefined Weak Reference
    _get_lc_monetary                          - Undefined Weak Reference
    _get_lc_time                              - Undefined Weak Reference
    _getenv_init                              - Undefined Weak Reference
    _handle_redirection                       - Undefined Weak Reference
    _init_alloc                               - Undefined Weak Reference
    _init_user_alloc                          - Undefined Weak Reference
    _initio                                   - Undefined Weak Reference
    _printf_mbtowc                            - Undefined Weak Reference
    _printf_wc                                - Undefined Weak Reference
    _rand_init                                - Undefined Weak Reference
    _signal_finish                            - Undefined Weak Reference
    _signal_init                              - Undefined Weak Reference
    _terminate_alloc                          - Undefined Weak Reference
    _terminate_user_alloc                     - Undefined Weak Reference
    _terminateio                              - Undefined Weak Reference
    __Vectors_Size                           0x000000ec   Number         0  startup_stm32f10x_ld.o ABSOLUTE
    __Vectors                                0x08000000   Data           4  startup_stm32f10x_ld.o(RESET)
    __Vectors_End                            0x080000ec   Data           0  startup_stm32f10x_ld.o(RESET)
    __main                                   0x080000ed   Thumb Code     8  __main.o(!!!main)
    __scatterload                            0x080000f5   Thumb Code     0  __scatter.o(!!!scatter)
    __scatterload_rt2                        0x080000f5   Thumb Code    44  __scatter.o(!!!scatter)
    __scatterload_rt2_thumb_only             0x080000f5   Thumb Code     0  __scatter.o(!!!scatter)
    __scatterload_null                       0x08000103   Thumb Code     0  __scatter.o(!!!scatter)
    __scatterload_copy                       0x08000129   Thumb Code    26  __scatter_copy.o(!!handler_copy)
    __scatterload_zeroinit                   0x08000145   Thumb Code    28  __scatter_zi.o(!!handler_zi)
    _printf_n                                0x08000161   Thumb Code     0  _printf_n.o(.ARM.Collect$$_printf_percent$$00000001)
    _printf_percent                          0x08000161   Thumb Code     0  _printf_percent.o(.ARM.Collect$$_printf_percent$$00000000)
    _printf_p                                0x08000167   Thumb Code     0  _printf_p.o(.ARM.Collect$$_printf_percent$$00000002)
    _printf_f                                0x0800016d   Thumb Code     0  _printf_f.o(.ARM.Collect$$_printf_percent$$00000003)
    _printf_e                                0x08000173   Thumb Code     0  _printf_e.o(.ARM.Collect$$_printf_percent$$00000004)
    _printf_g                                0x08000179   Thumb Code     0  _printf_g.o(.ARM.Collect$$_printf_percent$$00000005)
    _printf_a                                0x0800017f   Thumb Code     0  _printf_a.o(.ARM.Collect$$_printf_percent$$00000006)
    _printf_ll                               0x08000185   Thumb Code     0  _printf_ll.o(.ARM.Collect$$_printf_percent$$00000007)
    _printf_i                                0x0800018f   Thumb Code     0  _printf_i.o(.ARM.Collect$$_printf_percent$$00000008)
    _printf_d                                0x08000195   Thumb Code     0  _printf_d.o(.ARM.Collect$$_printf_percent$$00000009)
    _printf_u                                0x0800019b   Thumb Code     0  _printf_u.o(.ARM.Collect$$_printf_percent$$0000000A)
    _printf_o                                0x080001a1   Thumb Code     0  _printf_o.o(.ARM.Collect$$_printf_percent$$0000000B)
    _printf_x                                0x080001a7   Thumb Code     0  _printf_x.o(.ARM.Collect$$_printf_percent$$0000000C)
    _printf_lli                              0x080001ad   Thumb Code     0  _printf_lli.o(.ARM.Collect$$_printf_percent$$0000000D)
    _printf_lld                              0x080001b3   Thumb Code     0  _printf_lld.o(.ARM.Collect$$_printf_percent$$0000000E)
    _printf_llu                              0x080001b9   Thumb Code     0  _printf_llu.o(.ARM.Collect$$_printf_percent$$0000000F)
    _printf_llo                              0x080001bf   Thumb Code     0  _printf_llo.o(.ARM.Collect$$_printf_percent$$00000010)
    _printf_llx                              0x080001c5   Thumb Code     0  _printf_llx.o(.ARM.Collect$$_printf_percent$$00000011)
    _printf_l                                0x080001cb   Thumb Code     0  _printf_l.o(.ARM.Collect$$_printf_percent$$00000012)
    _printf_c                                0x080001d5   Thumb Code     0  _printf_c.o(.ARM.Collect$$_printf_percent$$00000013)
    _printf_s                                0x080001db   Thumb Code     0  _printf_s.o(.ARM.Collect$$_printf_percent$$00000014)
    _printf_lc                               0x080001e1   Thumb Code     0  _printf_lc.o(.ARM.Collect$$_printf_percent$$00000015)
    _printf_ls                               0x080001e7   Thumb Code     0  _printf_ls.o(.ARM.Collect$$_printf_percent$$00000016)
    _printf_percent_end                      0x080001ed   Thumb Code     0  _printf_percent_end.o(.ARM.Collect$$_printf_percent$$00000017)
    __rt_lib_init                            0x080001f1   Thumb Code     0  libinit.o(.ARM.Collect$$libinit$$00000000)
    __rt_lib_init_fp_1                       0x080001f3   Thumb Code     0  libinit2.o(.ARM.Collect$$libinit$$00000002)
    __rt_lib_init_heap_1                     0x080001f3   Thumb Code     0  libinit2.o(.ARM.Collect$$libinit$$0000000C)
    __rt_lib_init_lc_common                  0x080001f3   Thumb Code     0  libinit2.o(.ARM.Collect$$libinit$$00000011)
    __rt_lib_init_preinit_1                  0x080001f3   Thumb Code     0  libinit2.o(.ARM.Collect$$libinit$$00000006)
    __rt_lib_init_rand_1                     0x080001f3   Thumb Code     0  libinit2.o(.ARM.Collect$$libinit$$00000010)
    __rt_lib_init_relocate_pie_1             0x080001f3   Thumb Code     0  libinit2.o(.ARM.Collect$$libinit$$00000004)
    __rt_lib_init_user_alloc_1               0x080001f3   Thumb Code     0  libinit2.o(.ARM.Collect$$libinit$$0000000E)
    __rt_lib_init_lc_collate_1               0x080001f9   Thumb Code     0  libinit2.o(.ARM.Collect$$libinit$$00000013)
    __rt_lib_init_lc_ctype_2                 0x080001f9   Thumb Code     0  libinit2.o(.ARM.Collect$$libinit$$00000014)
    __rt_lib_init_lc_ctype_1                 0x08000205   Thumb Code     0  libinit2.o(.ARM.Collect$$libinit$$00000015)
    __rt_lib_init_lc_monetary_1              0x08000205   Thumb Code     0  libinit2.o(.ARM.Collect$$libinit$$00000017)
    __rt_lib_init_lc_numeric_2               0x08000205   Thumb Code     0  libinit2.o(.ARM.Collect$$libinit$$00000018)
    __rt_lib_init_alloca_1                   0x0800020f   Thumb Code     0  libinit2.o(.ARM.Collect$$libinit$$00000030)
    __rt_lib_init_argv_1                     0x0800020f   Thumb Code     0  libinit2.o(.ARM.Collect$$libinit$$0000002E)
    __rt_lib_init_atexit_1                   0x0800020f   Thumb Code     0  libinit2.o(.ARM.Collect$$libinit$$0000001D)
    __rt_lib_init_clock_1                    0x0800020f   Thumb Code     0  libinit2.o(.ARM.Collect$$libinit$$00000023)
    __rt_lib_init_cpp_1                      0x0800020f   Thumb Code     0  libinit2.o(.ARM.Collect$$libinit$$00000034)
    __rt_lib_init_exceptions_1               0x0800020f   Thumb Code     0  libinit2.o(.ARM.Collect$$libinit$$00000032)
    __rt_lib_init_fp_trap_1                  0x0800020f   Thumb Code     0  libinit2.o(.ARM.Collect$$libinit$$00000021)
    __rt_lib_init_getenv_1                   0x0800020f   Thumb Code     0  libinit2.o(.ARM.Collect$$libinit$$00000025)
    __rt_lib_init_lc_numeric_1               0x0800020f   Thumb Code     0  libinit2.o(.ARM.Collect$$libinit$$00000019)
    __rt_lib_init_lc_time_1                  0x0800020f   Thumb Code     0  libinit2.o(.ARM.Collect$$libinit$$0000001B)
    __rt_lib_init_return                     0x0800020f   Thumb Code     0  libinit2.o(.ARM.Collect$$libinit$$00000035)
    __rt_lib_init_signal_1                   0x0800020f   Thumb Code     0  libinit2.o(.ARM.Collect$$libinit$$0000001F)
    __rt_lib_init_stdio_1                    0x0800020f   Thumb Code     0  libinit2.o(.ARM.Collect$$libinit$$00000027)
    __rt_lib_shutdown                        0x08000211   Thumb Code     0  libshutdown.o(.ARM.Collect$$libshutdown$$00000000)
    __rt_lib_shutdown_cpp_1                  0x08000213   Thumb Code     0  libshutdown2.o(.ARM.Collect$$libshutdown$$00000002)
    __rt_lib_shutdown_fp_trap_1              0x08000213   Thumb Code     0  libshutdown2.o(.ARM.Collect$$libshutdown$$00000007)
    __rt_lib_shutdown_heap_1                 0x08000213   Thumb Code     0  libshutdown2.o(.ARM.Collect$$libshutdown$$0000000F)
    __rt_lib_shutdown_return                 0x08000213   Thumb Code     0  libshutdown2.o(.ARM.Collect$$libshutdown$$00000010)
    __rt_lib_shutdown_signal_1               0x08000213   Thumb Code     0  libshutdown2.o(.ARM.Collect$$libshutdown$$0000000A)
    __rt_lib_shutdown_stdio_1                0x08000213   Thumb Code     0  libshutdown2.o(.ARM.Collect$$libshutdown$$00000004)
    __rt_lib_shutdown_user_alloc_1           0x08000213   Thumb Code     0  libshutdown2.o(.ARM.Collect$$libshutdown$$0000000C)
    __rt_entry                               0x08000215   Thumb Code     0  __rtentry.o(.ARM.Collect$$rtentry$$00000000)
    __rt_entry_presh_1                       0x08000215   Thumb Code     0  __rtentry2.o(.ARM.Collect$$rtentry$$00000002)
    __rt_entry_sh                            0x08000215   Thumb Code     0  __rtentry4.o(.ARM.Collect$$rtentry$$00000004)
    __rt_entry_li                            0x0800021b   Thumb Code     0  __rtentry2.o(.ARM.Collect$$rtentry$$0000000A)
    __rt_entry_postsh_1                      0x0800021b   Thumb Code     0  __rtentry2.o(.ARM.Collect$$rtentry$$00000009)
    __rt_entry_main                          0x0800021f   Thumb Code     0  __rtentry2.o(.ARM.Collect$$rtentry$$0000000D)
    __rt_entry_postli_1                      0x0800021f   Thumb Code     0  __rtentry2.o(.ARM.Collect$$rtentry$$0000000C)
    __rt_exit                                0x08000227   Thumb Code     0  rtexit.o(.ARM.Collect$$rtexit$$00000000)
    __rt_exit_ls                             0x08000229   Thumb Code     0  rtexit2.o(.ARM.Collect$$rtexit$$00000003)
    __rt_exit_prels_1                        0x08000229   Thumb Code     0  rtexit2.o(.ARM.Collect$$rtexit$$00000002)
    __rt_exit_exit                           0x0800022d   Thumb Code     0  rtexit2.o(.ARM.Collect$$rtexit$$00000004)
    Reset_Handler                            0x08000235   Thumb Code     8  startup_stm32f10x_ld.o(.text)
    NMI_Handler                              0x0800023d   Thumb Code     2  startup_stm32f10x_ld.o(.text)
    HardFault_Handler                        0x0800023f   Thumb Code     2  startup_stm32f10x_ld.o(.text)
    MemManage_Handler                        0x08000241   Thumb Code     2  startup_stm32f10x_ld.o(.text)
    BusFault_Handler                         0x08000243   Thumb Code     2  startup_stm32f10x_ld.o(.text)
    UsageFault_Handler                       0x08000245   Thumb Code     2  startup_stm32f10x_ld.o(.text)
    SVC_Handler                              0x08000247   Thumb Code     2  startup_stm32f10x_ld.o(.text)
    DebugMon_Handler                         0x08000249   Thumb Code     2  startup_stm32f10x_ld.o(.text)
    PendSV_Handler                           0x0800024b   Thumb Code     2  startup_stm32f10x_ld.o(.text)
    SysTick_Handler                          0x0800024d   Thumb Code     2  startup_stm32f10x_ld.o(.text)
    CAN1_RX1_IRQHandler                      0x0800024f   Thumb Code     0  startup_stm32f10x_ld.o(.text)
    CAN1_SCE_IRQHandler                      0x0800024f   Thumb Code     0  startup_stm32f10x_ld.o(.text)
    EXTI0_IRQHandler                         0x0800024f   Thumb Code     0  startup_stm32f10x_ld.o(.text)
    EXTI15_10_IRQHandler                     0x0800024f   Thumb Code     0  startup_stm32f10x_ld.o(.text)
    EXTI1_IRQHandler                         0x0800024f   Thumb Code     0  startup_stm32f10x_ld.o(.text)
    EXTI2_IRQHandler                         0x0800024f   Thumb Code     0  startup_stm32f10x_ld.o(.text)
    EXTI3_IRQHandler                         0x0800024f   Thumb Code     0  startup_stm32f10x_ld.o(.text)
    EXTI4_IRQHandler                         0x0800024f   Thumb Code     0  startup_stm32f10x_ld.o(.text)
    EXTI9_5_IRQHandler                       0x0800024f   Thumb Code     0  startup_stm32f10x_ld.o(.text)
    FLASH_IRQHandler                         0x0800024f   Thumb Code     0  startup_stm32f10x_ld.o(.text)
    I2C1_ER_IRQHandler                       0x0800024f   Thumb Code     0  startup_stm32f10x_ld.o(.text)
    I2C1_EV_IRQHandler                       0x0800024f   Thumb Code     0  startup_stm32f10x_ld.o(.text)
    PVD_IRQHandler                           0x0800024f   Thumb Code     0  startup_stm32f10x_ld.o(.text)
    RCC_IRQHandler                           0x0800024f   Thumb Code     0  startup_stm32f10x_ld.o(.text)
    RTCAlarm_IRQHandler                      0x0800024f   Thumb Code     0  startup_stm32f10x_ld.o(.text)
    RTC_IRQHandler                           0x0800024f   Thumb Code     0  startup_stm32f10x_ld.o(.text)
    SPI1_IRQHandler                          0x0800024f   Thumb Code     0  startup_stm32f10x_ld.o(.text)
    TAMPER_IRQHandler                        0x0800024f   Thumb Code     0  startup_stm32f10x_ld.o(.text)
    TIM1_BRK_IRQHandler                      0x0800024f   Thumb Code     0  startup_stm32f10x_ld.o(.text)
    TIM1_CC_IRQHandler                       0x0800024f   Thumb Code     0  startup_stm32f10x_ld.o(.text)
    TIM1_TRG_COM_IRQHandler                  0x0800024f   Thumb Code     0  startup_stm32f10x_ld.o(.text)
    TIM1_UP_IRQHandler                       0x0800024f   Thumb Code     0  startup_stm32f10x_ld.o(.text)
    TIM2_IRQHandler                          0x0800024f   Thumb Code     0  startup_stm32f10x_ld.o(.text)
    TIM3_IRQHandler                          0x0800024f   Thumb Code     0  startup_stm32f10x_ld.o(.text)
    USART1_IRQHandler                        0x0800024f   Thumb Code     0  startup_stm32f10x_ld.o(.text)
    USART2_IRQHandler                        0x0800024f   Thumb Code     0  startup_stm32f10x_ld.o(.text)
    USBWakeUp_IRQHandler                     0x0800024f   Thumb Code     0  startup_stm32f10x_ld.o(.text)
    USB_HP_CAN1_TX_IRQHandler                0x0800024f   Thumb Code     0  startup_stm32f10x_ld.o(.text)
    USB_LP_CAN1_RX0_IRQHandler               0x0800024f   Thumb Code     0  startup_stm32f10x_ld.o(.text)
    WWDG_IRQHandler                          0x0800024f   Thumb Code     0  startup_stm32f10x_ld.o(.text)
    __user_initial_stackheap                 0x08000251   Thumb Code     0  startup_stm32f10x_ld.o(.text)
    vsprintf                                 0x08000275   Thumb Code    32  vsprintf.o(.text)
    strlen                                   0x08000299   Thumb Code    62  strlen.o(.text)
    __use_two_region_memory                  0x080002d7   Thumb Code     2  heapauxi.o(.text)
    __rt_heap_escrow$2region                 0x080002d9   Thumb Code     2  heapauxi.o(.text)
    __rt_heap_expand$2region                 0x080002db   Thumb Code     2  heapauxi.o(.text)
    _printf_pre_padding                      0x080002dd   Thumb Code    44  _printf_pad.o(.text)
    _printf_post_padding                     0x08000309   Thumb Code    34  _printf_pad.o(.text)
    _printf_truncate_signed                  0x0800032b   Thumb Code    18  _printf_truncate.o(.text)
    _printf_truncate_unsigned                0x0800033d   Thumb Code    18  _printf_truncate.o(.text)
    _printf_str                              0x0800034f   Thumb Code    82  _printf_str.o(.text)
    _printf_int_dec                          0x080003a1   Thumb Code   104  _printf_dec.o(.text)
    _printf_charcount                        0x08000419   Thumb Code    40  _printf_charcount.o(.text)
    _printf_char_common                      0x0800044b   Thumb Code    32  _printf_char_common.o(.text)
    _sputc                                   0x08000471   Thumb Code    10  _sputc.o(.text)
    _printf_wctomb                           0x0800047d   Thumb Code   182  _printf_wctomb.o(.text)
    _printf_longlong_dec                     0x08000539   Thumb Code   108  _printf_longlong_dec.o(.text)
    _printf_longlong_oct                     0x080005b5   Thumb Code    68  _printf_oct_int_ll.o(.text)
    _printf_int_oct                          0x080005f9   Thumb Code    24  _printf_oct_int_ll.o(.text)
    _printf_ll_oct                           0x08000611   Thumb Code    12  _printf_oct_int_ll.o(.text)
    _printf_longlong_hex                     0x08000625   Thumb Code    86  _printf_hex_int_ll_ptr.o(.text)
    _printf_int_hex                          0x0800067b   Thumb Code    28  _printf_hex_int_ll_ptr.o(.text)
    _printf_ll_hex                           0x08000697   Thumb Code    12  _printf_hex_int_ll_ptr.o(.text)
    _printf_hex_ptr                          0x080006a3   Thumb Code    18  _printf_hex_int_ll_ptr.o(.text)
    __printf                                 0x080006b9   Thumb Code   388  __printf_flags_ss_wp.o(.text)
    _ll_udiv10                               0x08000841   Thumb Code   138  lludiv10.o(.text)
    _printf_int_common                       0x080008cb   Thumb Code   178  _printf_intcommon.o(.text)
    _printf_fp_dec_real                      0x08000b2d   Thumb Code   620  _printf_fp_dec.o(.text)
    _printf_fp_hex_real                      0x08000d99   Thumb Code   756  _printf_fp_hex.o(.text)
    _printf_cs_common                        0x08001095   Thumb Code    20  _printf_char.o(.text)
    _printf_char                             0x080010a9   Thumb Code    16  _printf_char.o(.text)
    _printf_string                           0x080010b9   Thumb Code     8  _printf_char.o(.text)
    _printf_lcs_common                       0x080010c1   Thumb Code    20  _printf_wchar.o(.text)
    _printf_wchar                            0x080010d5   Thumb Code    16  _printf_wchar.o(.text)
    _printf_wstring                          0x080010e5   Thumb Code     8  _printf_wchar.o(.text)
    _c16rtomb                                0x080010ed   Thumb Code    72  _c16rtomb.o(.text)
    _wcrtomb                                 0x080010ed   Thumb Code     0  _c16rtomb.o(.text)
    __user_setup_stackheap                   0x08001135   Thumb Code    74  sys_stackheap_outer.o(.text)
    __rt_ctype_table                         0x08001181   Thumb Code    16  rt_ctype_table.o(.text)
    __rt_locale                              0x08001191   Thumb Code     8  rt_locale_intlibspace.o(.text)
    _printf_fp_infnan                        0x08001199   Thumb Code   112  _printf_fp_infnan.o(.text)
    _btod_etento                             0x08001219   Thumb Code   224  bigflt0.o(.text)
    exit                                     0x080012fd   Thumb Code    18  exit.o(.text)
    __user_libspace                          0x08001311   Thumb Code     8  libspace.o(.text)
    __user_perproc_libspace                  0x08001311   Thumb Code     0  libspace.o(.text)
    __user_perthread_libspace                0x08001311   Thumb Code     0  libspace.o(.text)
    strcmp                                   0x08001319   Thumb Code   128  strcmpv7m.o(.text)
    _sys_exit                                0x08001399   Thumb Code     8  sys_exit.o(.text)
    __I$use$semihosting                      0x080013a5   Thumb Code     0  use_no_semi.o(.text)
    __use_no_semihosting_swi                 0x080013a5   Thumb Code     2  use_no_semi.o(.text)
    __semihosting_library_function           0x080013a7   Thumb Code     0  indicate_semi.o(.text)
    ADC1_2_IRQHandler                        0x080013a9   Thumb Code    42  main.o(.text.ADC1_2_IRQHandler)
    DMA1_Channel1_Event                      0x080013d5   Thumb Code     8  dma_stm32f10x.o(.text.DMA1_Channel1_Event)
    DMA1_Channel1_IRQHandler                 0x080013dd   Thumb Code    38  dma_stm32f10x.o(.text.DMA1_Channel1_IRQHandler)
    DMA1_Channel2_Event                      0x08001405   Thumb Code     8  dma_stm32f10x.o(.text.DMA1_Channel2_Event)
    DMA1_Channel2_IRQHandler                 0x0800140d   Thumb Code    40  dma_stm32f10x.o(.text.DMA1_Channel2_IRQHandler)
    DMA1_Channel3_Event                      0x08001435   Thumb Code     8  dma_stm32f10x.o(.text.DMA1_Channel3_Event)
    DMA1_Channel3_IRQHandler                 0x0800143d   Thumb Code    40  dma_stm32f10x.o(.text.DMA1_Channel3_IRQHandler)
    DMA1_Channel4_Event                      0x08001465   Thumb Code     8  dma_stm32f10x.o(.text.DMA1_Channel4_Event)
    DMA1_Channel4_IRQHandler                 0x0800146d   Thumb Code    40  dma_stm32f10x.o(.text.DMA1_Channel4_IRQHandler)
    DMA1_Channel5_Event                      0x08001495   Thumb Code     8  dma_stm32f10x.o(.text.DMA1_Channel5_Event)
    DMA1_Channel5_IRQHandler                 0x0800149d   Thumb Code    40  dma_stm32f10x.o(.text.DMA1_Channel5_IRQHandler)
    DMA1_Channel6_Event                      0x080014c5   Thumb Code     8  dma_stm32f10x.o(.text.DMA1_Channel6_Event)
    DMA1_Channel6_IRQHandler                 0x080014cd   Thumb Code    40  dma_stm32f10x.o(.text.DMA1_Channel6_IRQHandler)
    DMA1_Channel7_Event                      0x080014f5   Thumb Code     8  dma_stm32f10x.o(.text.DMA1_Channel7_Event)
    DMA1_Channel7_IRQHandler                 0x080014fd   Thumb Code    40  dma_stm32f10x.o(.text.DMA1_Channel7_IRQHandler)
    SystemInit                               0x080016a5   Thumb Code   102  system_stm32f10x.o(.text.SystemInit)
    delayMs                                  0x08001751   Thumb Code    42  main.o(.text.delayMs)
    main                                     0x0800177d   Thumb Code   362  main.o(.text.main)
    printMsg                                 0x080018e9   Thumb Code   112  printtt.o(.text.printMsg)
    _btod_d2e                                0x08001959   Thumb Code    62  btod.o(CL$$btod_d2e)
    _d2e_denorm_low                          0x08001997   Thumb Code    70  btod.o(CL$$btod_d2e_denorm_low)
    _d2e_norm_op1                            0x080019dd   Thumb Code    96  btod.o(CL$$btod_d2e_norm_op1)
    __btod_div_common                        0x08001a3d   Thumb Code   696  btod.o(CL$$btod_div_common)
    _e2e                                     0x08001d75   Thumb Code   220  btod.o(CL$$btod_e2e)
    _btod_ediv                               0x08001e51   Thumb Code    42  btod.o(CL$$btod_ediv)
    _btod_emul                               0x08001e7b   Thumb Code    42  btod.o(CL$$btod_emul)
    __btod_mult_common                       0x08001ea5   Thumb Code   580  btod.o(CL$$btod_mult_common)
    __ARM_fpclassify                         0x080020e9   Thumb Code    40  fpclassify.o(i.__ARM_fpclassify)
    _is_digit                                0x08002111   Thumb Code    14  __printf_wp.o(i._is_digit)
    _get_lc_numeric                          0x08002121   Thumb Code    44  lc_numeric_c.o(locale$$code)
    _get_lc_ctype                            0x0800214d   Thumb Code    44  lc_ctype_c.o(locale$$code)
    _printf_fp_dec                           0x08002179   Thumb Code     4  printf1.o(x$fpl$printf1)
    _printf_fp_hex                           0x0800217d   Thumb Code     4  printf2.o(x$fpl$printf2)
    __I$use$fp                               0x08002180   Number         0  usenofp.o(x$fpl$usenofp)
    Region$$Table$$Base                      0x080022ac   Number         0  anon$$obj.o(Region$$Table)
    Region$$Table$$Limit                     0x080022cc   Number         0  anon$$obj.o(Region$$Table)
    __ctype                                  0x080022f5   Data           0  lc_ctype_c.o(locale$$data)
    SystemCoreClock                          0x20000000   Data           4  system_stm32f10x.o(.data.SystemCoreClock)
    __libspace_start                         0x20000008   Data          96  libspace.o(.bss)
    __temporary_stack_top$libspace           0x20000068   Data           0  libspace.o(.bss)
    msTicks                                  0x20000068   Data           4  main.o(.bss.msTicks)
    val                                      0x2000006c   Data           4  main.o(.bss.val)



==============================================================================

Memory Map of the image

  Image Entry point : 0x08000235

  Load Region LR_1 (Base: 0x08000000, Size: 0x000023fc, Max: 0xffffffff, ABSOLUTE)

    Execution Region ER_RO (Exec base: 0x08000000, Load base: 0x08000000, Size: 0x000023f8, Max: 0xffffffff, ABSOLUTE)

    Exec Addr    Load Addr    Size         Type   Attr      Idx    E Section Name        Object

    0x08000000   0x08000000   0x000000ec   Data   RO           83    RESET               startup_stm32f10x_ld.o
    0x080000ec   0x080000ec   0x00000008   Code   RO          115  * !!!main             c_w.l(__main.o)
    0x080000f4   0x080000f4   0x00000034   Code   RO          468    !!!scatter          c_w.l(__scatter.o)
    0x08000128   0x08000128   0x0000001a   Code   RO          470    !!handler_copy      c_w.l(__scatter_copy.o)
    0x08000142   0x08000142   0x00000002   PAD
    0x08000144   0x08000144   0x0000001c   Code   RO          472    !!handler_zi        c_w.l(__scatter_zi.o)
    0x08000160   0x08000160   0x00000000   Code   RO          211    .ARM.Collect$$_printf_percent$$00000000  c_w.l(_printf_percent.o)
    0x08000160   0x08000160   0x00000006   Code   RO          200    .ARM.Collect$$_printf_percent$$00000001  c_w.l(_printf_n.o)
    0x08000166   0x08000166   0x00000006   Code   RO          202    .ARM.Collect$$_printf_percent$$00000002  c_w.l(_printf_p.o)
    0x0800016c   0x0800016c   0x00000006   Code   RO          207    .ARM.Collect$$_printf_percent$$00000003  c_w.l(_printf_f.o)
    0x08000172   0x08000172   0x00000006   Code   RO          208    .ARM.Collect$$_printf_percent$$00000004  c_w.l(_printf_e.o)
    0x08000178   0x08000178   0x00000006   Code   RO          209    .ARM.Collect$$_printf_percent$$00000005  c_w.l(_printf_g.o)
    0x0800017e   0x0800017e   0x00000006   Code   RO          210    .ARM.Collect$$_printf_percent$$00000006  c_w.l(_printf_a.o)
    0x08000184   0x08000184   0x0000000a   Code   RO          215    .ARM.Collect$$_printf_percent$$00000007  c_w.l(_printf_ll.o)
    0x0800018e   0x0800018e   0x00000006   Code   RO          204    .ARM.Collect$$_printf_percent$$00000008  c_w.l(_printf_i.o)
    0x08000194   0x08000194   0x00000006   Code   RO          205    .ARM.Collect$$_printf_percent$$00000009  c_w.l(_printf_d.o)
    0x0800019a   0x0800019a   0x00000006   Code   RO          206    .ARM.Collect$$_printf_percent$$0000000A  c_w.l(_printf_u.o)
    0x080001a0   0x080001a0   0x00000006   Code   RO          203    .ARM.Collect$$_printf_percent$$0000000B  c_w.l(_printf_o.o)
    0x080001a6   0x080001a6   0x00000006   Code   RO          201    .ARM.Collect$$_printf_percent$$0000000C  c_w.l(_printf_x.o)
    0x080001ac   0x080001ac   0x00000006   Code   RO          212    .ARM.Collect$$_printf_percent$$0000000D  c_w.l(_printf_lli.o)
    0x080001b2   0x080001b2   0x00000006   Code   RO          213    .ARM.Collect$$_printf_percent$$0000000E  c_w.l(_printf_lld.o)
    0x080001b8   0x080001b8   0x00000006   Code   RO          214    .ARM.Collect$$_printf_percent$$0000000F  c_w.l(_printf_llu.o)
    0x080001be   0x080001be   0x00000006   Code   RO          219    .ARM.Collect$$_printf_percent$$00000010  c_w.l(_printf_llo.o)
    0x080001c4   0x080001c4   0x00000006   Code   RO          220    .ARM.Collect$$_printf_percent$$00000011  c_w.l(_printf_llx.o)
    0x080001ca   0x080001ca   0x0000000a   Code   RO          216    .ARM.Collect$$_printf_percent$$00000012  c_w.l(_printf_l.o)
    0x080001d4   0x080001d4   0x00000006   Code   RO          198    .ARM.Collect$$_printf_percent$$00000013  c_w.l(_printf_c.o)
    0x080001da   0x080001da   0x00000006   Code   RO          199    .ARM.Collect$$_printf_percent$$00000014  c_w.l(_printf_s.o)
    0x080001e0   0x080001e0   0x00000006   Code   RO          217    .ARM.Collect$$_printf_percent$$00000015  c_w.l(_printf_lc.o)
    0x080001e6   0x080001e6   0x00000006   Code   RO          218    .ARM.Collect$$_printf_percent$$00000016  c_w.l(_printf_ls.o)
    0x080001ec   0x080001ec   0x00000004   Code   RO          266    .ARM.Collect$$_printf_percent$$00000017  c_w.l(_printf_percent_end.o)
    0x080001f0   0x080001f0   0x00000002   Code   RO          317    .ARM.Collect$$libinit$$00000000  c_w.l(libinit.o)
    0x080001f2   0x080001f2   0x00000000   Code   RO          335    .ARM.Collect$$libinit$$00000002  c_w.l(libinit2.o)
    0x080001f2   0x080001f2   0x00000000   Code   RO          337    .ARM.Collect$$libinit$$00000004  c_w.l(libinit2.o)
    0x080001f2   0x080001f2   0x00000000   Code   RO          339    .ARM.Collect$$libinit$$00000006  c_w.l(libinit2.o)
    0x080001f2   0x080001f2   0x00000000   Code   RO          342    .ARM.Collect$$libinit$$0000000C  c_w.l(libinit2.o)
    0x080001f2   0x080001f2   0x00000000   Code   RO          344    .ARM.Collect$$libinit$$0000000E  c_w.l(libinit2.o)
    0x080001f2   0x080001f2   0x00000000   Code   RO          346    .ARM.Collect$$libinit$$00000010  c_w.l(libinit2.o)
    0x080001f2   0x080001f2   0x00000006   Code   RO          347    .ARM.Collect$$libinit$$00000011  c_w.l(libinit2.o)
    0x080001f8   0x080001f8   0x00000000   Code   RO          349    .ARM.Collect$$libinit$$00000013  c_w.l(libinit2.o)
    0x080001f8   0x080001f8   0x0000000c   Code   RO          350    .ARM.Collect$$libinit$$00000014  c_w.l(libinit2.o)
    0x08000204   0x08000204   0x00000000   Code   RO          351    .ARM.Collect$$libinit$$00000015  c_w.l(libinit2.o)
    0x08000204   0x08000204   0x00000000   Code   RO          353    .ARM.Collect$$libinit$$00000017  c_w.l(libinit2.o)
    0x08000204   0x08000204   0x0000000a   Code   RO          354    .ARM.Collect$$libinit$$00000018  c_w.l(libinit2.o)
    0x0800020e   0x0800020e   0x00000000   Code   RO          355    .ARM.Collect$$libinit$$00000019  c_w.l(libinit2.o)
    0x0800020e   0x0800020e   0x00000000   Code   RO          357    .ARM.Collect$$libinit$$0000001B  c_w.l(libinit2.o)
    0x0800020e   0x0800020e   0x00000000   Code   RO          359    .ARM.Collect$$libinit$$0000001D  c_w.l(libinit2.o)
    0x0800020e   0x0800020e   0x00000000   Code   RO          361    .ARM.Collect$$libinit$$0000001F  c_w.l(libinit2.o)
    0x0800020e   0x0800020e   0x00000000   Code   RO          363    .ARM.Collect$$libinit$$00000021  c_w.l(libinit2.o)
    0x0800020e   0x0800020e   0x00000000   Code   RO          365    .ARM.Collect$$libinit$$00000023  c_w.l(libinit2.o)
    0x0800020e   0x0800020e   0x00000000   Code   RO          367    .ARM.Collect$$libinit$$00000025  c_w.l(libinit2.o)
    0x0800020e   0x0800020e   0x00000000   Code   RO          369    .ARM.Collect$$libinit$$00000027  c_w.l(libinit2.o)
    0x0800020e   0x0800020e   0x00000000   Code   RO          373    .ARM.Collect$$libinit$$0000002E  c_w.l(libinit2.o)
    0x0800020e   0x0800020e   0x00000000   Code   RO          375    .ARM.Collect$$libinit$$00000030  c_w.l(libinit2.o)
    0x0800020e   0x0800020e   0x00000000   Code   RO          377    .ARM.Collect$$libinit$$00000032  c_w.l(libinit2.o)
    0x0800020e   0x0800020e   0x00000000   Code   RO          379    .ARM.Collect$$libinit$$00000034  c_w.l(libinit2.o)
    0x0800020e   0x0800020e   0x00000002   Code   RO          380    .ARM.Collect$$libinit$$00000035  c_w.l(libinit2.o)
    0x08000210   0x08000210   0x00000002   Code   RO          404    .ARM.Collect$$libshutdown$$00000000  c_w.l(libshutdown.o)
    0x08000212   0x08000212   0x00000000   Code   RO          419    .ARM.Collect$$libshutdown$$00000002  c_w.l(libshutdown2.o)
    0x08000212   0x08000212   0x00000000   Code   RO          421    .ARM.Collect$$libshutdown$$00000004  c_w.l(libshutdown2.o)
    0x08000212   0x08000212   0x00000000   Code   RO          424    .ARM.Collect$$libshutdown$$00000007  c_w.l(libshutdown2.o)
    0x08000212   0x08000212   0x00000000   Code   RO          427    .ARM.Collect$$libshutdown$$0000000A  c_w.l(libshutdown2.o)
    0x08000212   0x08000212   0x00000000   Code   RO          429    .ARM.Collect$$libshutdown$$0000000C  c_w.l(libshutdown2.o)
    0x08000212   0x08000212   0x00000000   Code   RO          432    .ARM.Collect$$libshutdown$$0000000F  c_w.l(libshutdown2.o)
    0x08000212   0x08000212   0x00000002   Code   RO          433    .ARM.Collect$$libshutdown$$00000010  c_w.l(libshutdown2.o)
    0x08000214   0x08000214   0x00000000   Code   RO          129    .ARM.Collect$$rtentry$$00000000  c_w.l(__rtentry.o)
    0x08000214   0x08000214   0x00000000   Code   RO          235    .ARM.Collect$$rtentry$$00000002  c_w.l(__rtentry2.o)
    0x08000214   0x08000214   0x00000006   Code   RO          247    .ARM.Collect$$rtentry$$00000004  c_w.l(__rtentry4.o)
    0x0800021a   0x0800021a   0x00000000   Code   RO          237    .ARM.Collect$$rtentry$$00000009  c_w.l(__rtentry2.o)
    0x0800021a   0x0800021a   0x00000004   Code   RO          238    .ARM.Collect$$rtentry$$0000000A  c_w.l(__rtentry2.o)
    0x0800021e   0x0800021e   0x00000000   Code   RO          240    .ARM.Collect$$rtentry$$0000000C  c_w.l(__rtentry2.o)
    0x0800021e   0x0800021e   0x00000008   Code   RO          241    .ARM.Collect$$rtentry$$0000000D  c_w.l(__rtentry2.o)
    0x08000226   0x08000226   0x00000002   Code   RO          325    .ARM.Collect$$rtexit$$00000000  c_w.l(rtexit.o)
    0x08000228   0x08000228   0x00000000   Code   RO          382    .ARM.Collect$$rtexit$$00000002  c_w.l(rtexit2.o)
    0x08000228   0x08000228   0x00000004   Code   RO          383    .ARM.Collect$$rtexit$$00000003  c_w.l(rtexit2.o)
    0x0800022c   0x0800022c   0x00000006   Code   RO          384    .ARM.Collect$$rtexit$$00000004  c_w.l(rtexit2.o)
    0x08000232   0x08000232   0x00000002   PAD
    0x08000234   0x08000234   0x00000040   Code   RO           84  * .text               startup_stm32f10x_ld.o
    0x08000274   0x08000274   0x00000024   Code   RO          109    .text               c_w.l(vsprintf.o)
    0x08000298   0x08000298   0x0000003e   Code   RO          111    .text               c_w.l(strlen.o)
    0x080002d6   0x080002d6   0x00000006   Code   RO          113    .text               c_w.l(heapauxi.o)
    0x080002dc   0x080002dc   0x0000004e   Code   RO          132    .text               c_w.l(_printf_pad.o)
    0x0800032a   0x0800032a   0x00000024   Code   RO          134    .text               c_w.l(_printf_truncate.o)
    0x0800034e   0x0800034e   0x00000052   Code   RO          136    .text               c_w.l(_printf_str.o)
    0x080003a0   0x080003a0   0x00000078   Code   RO          138    .text               c_w.l(_printf_dec.o)
    0x08000418   0x08000418   0x00000028   Code   RO          140    .text               c_w.l(_printf_charcount.o)
    0x08000440   0x08000440   0x00000030   Code   RO          142    .text               c_w.l(_printf_char_common.o)
    0x08000470   0x08000470   0x0000000a   Code   RO          144    .text               c_w.l(_sputc.o)
    0x0800047a   0x0800047a   0x00000002   PAD
    0x0800047c   0x0800047c   0x000000bc   Code   RO          146    .text               c_w.l(_printf_wctomb.o)
    0x08000538   0x08000538   0x0000007c   Code   RO          149    .text               c_w.l(_printf_longlong_dec.o)
    0x080005b4   0x080005b4   0x00000070   Code   RO          155    .text               c_w.l(_printf_oct_int_ll.o)
    0x08000624   0x08000624   0x00000094   Code   RO          175    .text               c_w.l(_printf_hex_int_ll_ptr.o)
    0x080006b8   0x080006b8   0x00000188   Code   RO          195    .text               c_w.l(__printf_flags_ss_wp.o)
    0x08000840   0x08000840   0x0000008a   Code   RO          249    .text               c_w.l(lludiv10.o)
    0x080008ca   0x080008ca   0x000000b2   Code   RO          251    .text               c_w.l(_printf_intcommon.o)
    0x0800097c   0x0800097c   0x0000041c   Code   RO          253    .text               c_w.l(_printf_fp_dec.o)
    0x08000d98   0x08000d98   0x000002fc   Code   RO          257    .text               c_w.l(_printf_fp_hex.o)
    0x08001094   0x08001094   0x0000002c   Code   RO          262    .text               c_w.l(_printf_char.o)
    0x080010c0   0x080010c0   0x0000002c   Code   RO          264    .text               c_w.l(_printf_wchar.o)
    0x080010ec   0x080010ec   0x00000048   Code   RO          267    .text               c_w.l(_c16rtomb.o)
    0x08001134   0x08001134   0x0000004a   Code   RO          269    .text               c_w.l(sys_stackheap_outer.o)
    0x0800117e   0x0800117e   0x00000002   PAD
    0x08001180   0x08001180   0x00000010   Code   RO          271    .text               c_w.l(rt_ctype_table.o)
    0x08001190   0x08001190   0x00000008   Code   RO          276    .text               c_w.l(rt_locale_intlibspace.o)
    0x08001198   0x08001198   0x00000080   Code   RO          278    .text               c_w.l(_printf_fp_infnan.o)
    0x08001218   0x08001218   0x000000e4   Code   RO          280    .text               c_w.l(bigflt0.o)
    0x080012fc   0x080012fc   0x00000012   Code   RO          310    .text               c_w.l(exit.o)
    0x0800130e   0x0800130e   0x00000002   PAD
    0x08001310   0x08001310   0x00000008   Code   RO          322    .text               c_w.l(libspace.o)
    0x08001318   0x08001318   0x00000080   Code   RO          332    .text               c_w.l(strcmpv7m.o)
    0x08001398   0x08001398   0x0000000c   Code   RO          394    .text               c_w.l(sys_exit.o)
    0x080013a4   0x080013a4   0x00000002   Code   RO          409    .text               c_w.l(use_no_semi.o)
    0x080013a6   0x080013a6   0x00000000   Code   RO          411    .text               c_w.l(indicate_semi.o)
    0x080013a6   0x080013a6   0x00000002   PAD
    0x080013a8   0x080013a8   0x0000002a   Code   RO            8    .text.ADC1_2_IRQHandler  main.o
    0x080013d2   0x080013d2   0x00000002   PAD
    0x080013d4   0x080013d4   0x00000008   Code   RO           46    .text.DMA1_Channel1_Event  dma_stm32f10x.o
    0x080013dc   0x080013dc   0x00000026   Code   RO           60    .text.DMA1_Channel1_IRQHandler  dma_stm32f10x.o
    0x08001402   0x08001402   0x00000002   PAD
    0x08001404   0x08001404   0x00000008   Code   RO           48    .text.DMA1_Channel2_Event  dma_stm32f10x.o
    0x0800140c   0x0800140c   0x00000028   Code   RO           62    .text.DMA1_Channel2_IRQHandler  dma_stm32f10x.o
    0x08001434   0x08001434   0x00000008   Code   RO           50    .text.DMA1_Channel3_Event  dma_stm32f10x.o
    0x0800143c   0x0800143c   0x00000028   Code   RO           64    .text.DMA1_Channel3_IRQHandler  dma_stm32f10x.o
    0x08001464   0x08001464   0x00000008   Code   RO           52    .text.DMA1_Channel4_Event  dma_stm32f10x.o
    0x0800146c   0x0800146c   0x00000028   Code   RO           66    .text.DMA1_Channel4_IRQHandler  dma_stm32f10x.o
    0x08001494   0x08001494   0x00000008   Code   RO           54    .text.DMA1_Channel5_Event  dma_stm32f10x.o
    0x0800149c   0x0800149c   0x00000028   Code   RO           68    .text.DMA1_Channel5_IRQHandler  dma_stm32f10x.o
    0x080014c4   0x080014c4   0x00000008   Code   RO           56    .text.DMA1_Channel6_Event  dma_stm32f10x.o
    0x080014cc   0x080014cc   0x00000028   Code   RO           70    .text.DMA1_Channel6_IRQHandler  dma_stm32f10x.o
    0x080014f4   0x080014f4   0x00000008   Code   RO           58    .text.DMA1_Channel7_Event  dma_stm32f10x.o
    0x080014fc   0x080014fc   0x00000028   Code   RO           72    .text.DMA1_Channel7_IRQHandler  dma_stm32f10x.o
    0x08001524   0x08001524   0x00000008   Code   RO           93    .text.SetSysClock   system_stm32f10x.o
    0x0800152c   0x0800152c   0x00000122   Code   RO           97    .text.SetSysClockTo72  system_stm32f10x.o
    0x0800164e   0x0800164e   0x00000002   PAD
    0x08001650   0x08001650   0x00000052   Code   RO            4    .text.SysTick_Config  main.o
    0x080016a2   0x080016a2   0x00000002   PAD
    0x080016a4   0x080016a4   0x00000066   Code   RO           91    .text.SystemInit    system_stm32f10x.o
    0x0800170a   0x0800170a   0x00000002   PAD
    0x0800170c   0x0800170c   0x00000042   Code   RO           14    .text.__NVIC_SetPriority  main.o
    0x0800174e   0x0800174e   0x00000002   PAD
    0x08001750   0x08001750   0x0000002a   Code   RO            6    .text.delayMs       main.o
    0x0800177a   0x0800177a   0x00000002   PAD
    0x0800177c   0x0800177c   0x0000016a   Code   RO            2    .text.main          main.o
    0x080018e6   0x080018e6   0x00000002   PAD
    0x080018e8   0x080018e8   0x00000070   Code   RO           28    .text.printMsg      printtt.o
    0x08001958   0x08001958   0x0000003e   Code   RO          283    CL$$btod_d2e        c_w.l(btod.o)
    0x08001996   0x08001996   0x00000046   Code   RO          285    CL$$btod_d2e_denorm_low  c_w.l(btod.o)
    0x080019dc   0x080019dc   0x00000060   Code   RO          284    CL$$btod_d2e_norm_op1  c_w.l(btod.o)
    0x08001a3c   0x08001a3c   0x00000338   Code   RO          293    CL$$btod_div_common  c_w.l(btod.o)
    0x08001d74   0x08001d74   0x000000dc   Code   RO          290    CL$$btod_e2e        c_w.l(btod.o)
    0x08001e50   0x08001e50   0x0000002a   Code   RO          287    CL$$btod_ediv       c_w.l(btod.o)
    0x08001e7a   0x08001e7a   0x0000002a   Code   RO          286    CL$$btod_emul       c_w.l(btod.o)
    0x08001ea4   0x08001ea4   0x00000244   Code   RO          292    CL$$btod_mult_common  c_w.l(btod.o)
    0x080020e8   0x080020e8   0x00000028   Code   RO          320    i.__ARM_fpclassify  m_ws.l(fpclassify.o)
    0x08002110   0x08002110   0x0000000e   Code   RO          188    i._is_digit         c_w.l(__printf_wp.o)
    0x0800211e   0x0800211e   0x00000002   PAD
    0x08002120   0x08002120   0x0000002c   Code   RO          308    locale$$code        c_w.l(lc_numeric_c.o)
    0x0800214c   0x0800214c   0x0000002c   Code   RO          330    locale$$code        c_w.l(lc_ctype_c.o)
    0x08002178   0x08002178   0x00000004   Code   RO          225    x$fpl$printf1       fz_ws.l(printf1.o)
    0x0800217c   0x0800217c   0x00000004   Code   RO          227    x$fpl$printf2       fz_ws.l(printf2.o)
    0x08002180   0x08002180   0x00000000   Code   RO          233    x$fpl$usenofp       fz_ws.l(usenofp.o)
    0x08002180   0x08002180   0x00000008   Data   RO          147    .constdata          c_w.l(_printf_wctomb.o)
    0x08002188   0x08002188   0x00000028   Data   RO          176    .constdata          c_w.l(_printf_hex_int_ll_ptr.o)
    0x080021b0   0x080021b0   0x00000011   Data   RO          196    .constdata          c_w.l(__printf_flags_ss_wp.o)
    0x080021c1   0x080021c1   0x00000026   Data   RO          258    .constdata          c_w.l(_printf_fp_hex.o)
    0x080021e7   0x080021e7   0x00000001   PAD
    0x080021e8   0x080021e8   0x00000094   Data   RO          281    .constdata          c_w.l(bigflt0.o)
    0x0800227c   0x0800227c   0x0000002f   Data   RO           19    .rodata.str1.1      main.o
    0x080022ab   0x080022ab   0x00000001   PAD
    0x080022ac   0x080022ac   0x00000020   Data   RO          467    Region$$Table       anon$$obj.o
    0x080022cc   0x080022cc   0x0000001c   Data   RO          307    locale$$data        c_w.l(lc_numeric_c.o)
    0x080022e8   0x080022e8   0x00000110   Data   RO          329    locale$$data        c_w.l(lc_ctype_c.o)


    Execution Region ER_RW (Exec base: 0x20000000, Load base: 0x080023f8, Size: 0x00000004, Max: 0xffffffff, ABSOLUTE)

    Exec Addr    Load Addr    Size         Type   Attr      Idx    E Section Name        Object

    0x20000000   0x080023f8   0x00000004   Data   RW           99    .data.SystemCoreClock  system_stm32f10x.o


    Execution Region ER_ZI (Exec base: 0x20000008, Load base: 0x080023fc, Size: 0x00000668, Max: 0xffffffff, ABSOLUTE)

    Exec Addr    Load Addr    Size         Type   Attr      Idx    E Section Name        Object

    0x20000008        -       0x00000060   Zero   RW          323    .bss                c_w.l(libspace.o)
    0x20000068        -       0x00000004   Zero   RW           16    .bss.msTicks        main.o
    0x2000006c        -       0x00000004   Zero   RW           17    .bss.val            main.o
    0x20000070        -       0x00000200   Zero   RW           82    HEAP                startup_stm32f10x_ld.o
    0x20000270        -       0x00000400   Zero   RW           81    STACK               startup_stm32f10x_ld.o


==============================================================================

Image component sizes


      Code (inc. data)   RO Data    RW Data    ZI Data      Debug   Object Name

       334          0          0          0          0       5724   dma_stm32f10x.o
       594          0         47          0          8       5027   main.o
       112          0          0          0          0       1471   printtt.o
        64         26        236          0       1536        856   startup_stm32f10x_ld.o
       400          0          0          4          0       2884   system_stm32f10x.o

    ----------------------------------------------------------------------
      1520         26        316          4       1544      15962   Object Totals
         0          0         32          0          0          0   (incl. Generated)
        16          0          1          0          0          0   (incl. Padding)

    ----------------------------------------------------------------------

      Code (inc. data)   RO Data    RW Data    ZI Data      Debug   Library Member Name

         8          0          0          0          0         68   __main.o
       392          4         17          0          0         92   __printf_flags_ss_wp.o
        14          0          0          0          0         68   __printf_wp.o
         0          0          0          0          0          0   __rtentry.o
        12          0          0          0          0          0   __rtentry2.o
         6          0          0          0          0          0   __rtentry4.o
        52          8          0          0          0          0   __scatter.o
        26          0          0          0          0          0   __scatter_copy.o
        28          0          0          0          0          0   __scatter_zi.o
        72          0          0          0          0         96   _c16rtomb.o
         6          0          0          0          0          0   _printf_a.o
         6          0          0          0          0          0   _printf_c.o
        44          0          0          0          0        108   _printf_char.o
        48          6          0          0          0         96   _printf_char_common.o
        40          0          0          0          0         68   _printf_charcount.o
         6          0          0          0          0          0   _printf_d.o
       120         16          0          0          0         92   _printf_dec.o
         6          0          0          0          0          0   _printf_e.o
         6          0          0          0          0          0   _printf_f.o
      1052          0          0          0          0        148   _printf_fp_dec.o
       764          8         38          0          0        100   _printf_fp_hex.o
       128         16          0          0          0         84   _printf_fp_infnan.o
         6          0          0          0          0          0   _printf_g.o
       148          4         40          0          0        160   _printf_hex_int_ll_ptr.o
         6          0          0          0          0          0   _printf_i.o
       178          0          0          0          0         88   _printf_intcommon.o
        10          0          0          0          0          0   _printf_l.o
         6          0          0          0          0          0   _printf_lc.o
        10          0          0          0          0          0   _printf_ll.o
         6          0          0          0          0          0   _printf_lld.o
         6          0          0          0          0          0   _printf_lli.o
         6          0          0          0          0          0   _printf_llo.o
         6          0          0          0          0          0   _printf_llu.o
         6          0          0          0          0          0   _printf_llx.o
       124         16          0          0          0         92   _printf_longlong_dec.o
         6          0          0          0          0          0   _printf_ls.o
         6          0          0          0          0          0   _printf_n.o
         6          0          0          0          0          0   _printf_o.o
       112          8          0          0          0        124   _printf_oct_int_ll.o
         6          0          0          0          0          0   _printf_p.o
        78          0          0          0          0        108   _printf_pad.o
         0          0          0          0          0          0   _printf_percent.o
         4          0          0          0          0          0   _printf_percent_end.o
         6          0          0          0          0          0   _printf_s.o
        82          0          0          0          0         80   _printf_str.o
        36          0          0          0          0         84   _printf_truncate.o
         6          0          0          0          0          0   _printf_u.o
        44          0          0          0          0        108   _printf_wchar.o
       188          6          8          0          0         92   _printf_wctomb.o
         6          0          0          0          0          0   _printf_x.o
        10          0          0          0          0         68   _sputc.o
       228          4        148          0          0         96   bigflt0.o
      1936        128          0          0          0        668   btod.o
        18          0          0          0          0         80   exit.o
         6          0          0          0          0        152   heapauxi.o
         0          0          0          0          0          0   indicate_semi.o
        44         10        272          0          0         76   lc_ctype_c.o
        44         10         28          0          0         76   lc_numeric_c.o
         2          0          0          0          0          0   libinit.o
        30          0          0          0          0          0   libinit2.o
         2          0          0          0          0          0   libshutdown.o
         2          0          0          0          0          0   libshutdown2.o
         8          4          0          0         96         68   libspace.o
       138          0          0          0          0         80   lludiv10.o
        16          4          0          0          0         76   rt_ctype_table.o
         8          4          0          0          0         68   rt_locale_intlibspace.o
         2          0          0          0          0          0   rtexit.o
        10          0          0          0          0          0   rtexit2.o
       128          0          0          0          0         68   strcmpv7m.o
        62          0          0          0          0         76   strlen.o
        12          4          0          0          0         68   sys_exit.o
        74          0          0          0          0         80   sys_stackheap_outer.o
         2          0          0          0          0         68   use_no_semi.o
        36          4          0          0          0         76   vsprintf.o
         4          0          0          0          0         68   printf1.o
         4          0          0          0          0         68   printf2.o
         0          0          0          0          0          0   usenofp.o
        40          0          0          0          0         68   fpclassify.o

    ----------------------------------------------------------------------
      6820        264        552          0         96       4104   Library Totals
        14          0          1          0          0          0   (incl. Padding)

    ----------------------------------------------------------------------

      Code (inc. data)   RO Data    RW Data    ZI Data      Debug   Library Name

      6758        264        551          0         96       3900   c_w.l
         8          0          0          0          0        136   fz_ws.l
        40          0          0          0          0         68   m_ws.l

    ----------------------------------------------------------------------
      6820        264        552          0         96       4104   Library Totals

    ----------------------------------------------------------------------

==============================================================================


      Code (inc. data)   RO Data    RW Data    ZI Data      Debug   

      8340        290        868          4       1640      17818   Grand Totals
      8340        290        868          4       1640      17818   ELF Image Totals
      8340        290        868          4          0          0   ROM Totals

==============================================================================

    Total RO  Size (Code + RO Data)                 9208 (   8.99kB)
    Total RW  Size (RW Data + ZI Data)              1644 (   1.61kB)
    Total ROM Size (Code + RO Data + RW Data)       9212 (   9.00kB)

==============================================================================

